../Src/MUSART_program.c:26:6:MUSART_voidInit	4	static
../Src/MUSART_program.c:56:6:MUSART_voidSendChar	16	static
../Src/MUSART_program.c:64:6:MUSART_voidSendString	24	static
../Src/MUSART_program.c:76:4:MUSART_u8ReceiveChar	16	static
../Src/MUSART_program.c:99:6:MUSART_u8ptrReceiveString	16	static
../Src/MUSART_program.c:116:6:MUSART1_VoidSetCallBack	16	static
../Src/MUSART_program.c:121:6:USART1_IRQHandler	8	static
../Src/MUSART_program.c:128:6:MUSART2_VoidSetCallBack	16	static
../Src/MUSART_program.c:133:6:USART2_IRQHandler	8	static
../Src/MUSART_program.c:139:6:MUSART3_VoidSetCallBack	16	static
../Src/MUSART_program.c:144:6:USART3_IRQHandler	8	static
