Archive member included to satisfy reference by file (symbol)

c:/st/stm32cubeide_1.6.0/stm32cubeide/plugins/com.st.stm32cube.ide.mcu.externaltools.gnu-tools-for-stm32.10.3-2021.10.win32_1.0.0.202111181127/tools/bin/../lib/gcc/arm-none-eabi/10.3.1/../../../../arm-none-eabi/lib/thumb/v7-m/nofp\libc_nano.a(lib_a-exit.o)
                              c:/st/stm32cubeide_1.6.0/stm32cubeide/plugins/com.st.stm32cube.ide.mcu.externaltools.gnu-tools-for-stm32.10.3-2021.10.win32_1.0.0.202111181127/tools/bin/../lib/gcc/arm-none-eabi/10.3.1/../../../../arm-none-eabi/lib/thumb/v7-m/nofp/crt0.o (exit)
c:/st/stm32cubeide_1.6.0/stm32cubeide/plugins/com.st.stm32cube.ide.mcu.externaltools.gnu-tools-for-stm32.10.3-2021.10.win32_1.0.0.202111181127/tools/bin/../lib/gcc/arm-none-eabi/10.3.1/../../../../arm-none-eabi/lib/thumb/v7-m/nofp\libc_nano.a(lib_a-impure.o)
                              c:/st/stm32cubeide_1.6.0/stm32cubeide/plugins/com.st.stm32cube.ide.mcu.externaltools.gnu-tools-for-stm32.10.3-2021.10.win32_1.0.0.202111181127/tools/bin/../lib/gcc/arm-none-eabi/10.3.1/../../../../arm-none-eabi/lib/thumb/v7-m/nofp\libc_nano.a(lib_a-exit.o) (_global_impure_ptr)
c:/st/stm32cubeide_1.6.0/stm32cubeide/plugins/com.st.stm32cube.ide.mcu.externaltools.gnu-tools-for-stm32.10.3-2021.10.win32_1.0.0.202111181127/tools/bin/../lib/gcc/arm-none-eabi/10.3.1/../../../../arm-none-eabi/lib/thumb/v7-m/nofp\libc_nano.a(lib_a-init.o)
                              c:/st/stm32cubeide_1.6.0/stm32cubeide/plugins/com.st.stm32cube.ide.mcu.externaltools.gnu-tools-for-stm32.10.3-2021.10.win32_1.0.0.202111181127/tools/bin/../lib/gcc/arm-none-eabi/10.3.1/../../../../arm-none-eabi/lib/thumb/v7-m/nofp/crt0.o (__libc_init_array)
c:/st/stm32cubeide_1.6.0/stm32cubeide/plugins/com.st.stm32cube.ide.mcu.externaltools.gnu-tools-for-stm32.10.3-2021.10.win32_1.0.0.202111181127/tools/bin/../lib/gcc/arm-none-eabi/10.3.1/../../../../arm-none-eabi/lib/thumb/v7-m/nofp\libc_nano.a(lib_a-memset.o)
                              c:/st/stm32cubeide_1.6.0/stm32cubeide/plugins/com.st.stm32cube.ide.mcu.externaltools.gnu-tools-for-stm32.10.3-2021.10.win32_1.0.0.202111181127/tools/bin/../lib/gcc/arm-none-eabi/10.3.1/../../../../arm-none-eabi/lib/thumb/v7-m/nofp/crt0.o (memset)
c:/st/stm32cubeide_1.6.0/stm32cubeide/plugins/com.st.stm32cube.ide.mcu.externaltools.gnu-tools-for-stm32.10.3-2021.10.win32_1.0.0.202111181127/tools/bin/../lib/gcc/arm-none-eabi/10.3.1/../../../../arm-none-eabi/lib/thumb/v7-m/nofp\libc_nano.a(lib_a-strcmp.o)
                              ./Src/main.o (strcmp)
c:/st/stm32cubeide_1.6.0/stm32cubeide/plugins/com.st.stm32cube.ide.mcu.externaltools.gnu-tools-for-stm32.10.3-2021.10.win32_1.0.0.202111181127/tools/bin/../lib/gcc/arm-none-eabi/10.3.1/../../../../arm-none-eabi/lib/thumb/v7-m/nofp\libnosys.a(_exit.o)
                              c:/st/stm32cubeide_1.6.0/stm32cubeide/plugins/com.st.stm32cube.ide.mcu.externaltools.gnu-tools-for-stm32.10.3-2021.10.win32_1.0.0.202111181127/tools/bin/../lib/gcc/arm-none-eabi/10.3.1/../../../../arm-none-eabi/lib/thumb/v7-m/nofp\libc_nano.a(lib_a-exit.o) (_exit)

Discarded input sections

 .text          0x0000000000000000        0x0 c:/st/stm32cubeide_1.6.0/stm32cubeide/plugins/com.st.stm32cube.ide.mcu.externaltools.gnu-tools-for-stm32.10.3-2021.10.win32_1.0.0.202111181127/tools/bin/../lib/gcc/arm-none-eabi/10.3.1/thumb/v7-m/nofp/crti.o
 .data          0x0000000000000000        0x0 c:/st/stm32cubeide_1.6.0/stm32cubeide/plugins/com.st.stm32cube.ide.mcu.externaltools.gnu-tools-for-stm32.10.3-2021.10.win32_1.0.0.202111181127/tools/bin/../lib/gcc/arm-none-eabi/10.3.1/thumb/v7-m/nofp/crti.o
 .bss           0x0000000000000000        0x0 c:/st/stm32cubeide_1.6.0/stm32cubeide/plugins/com.st.stm32cube.ide.mcu.externaltools.gnu-tools-for-stm32.10.3-2021.10.win32_1.0.0.202111181127/tools/bin/../lib/gcc/arm-none-eabi/10.3.1/thumb/v7-m/nofp/crti.o
 .data          0x0000000000000000        0x4 c:/st/stm32cubeide_1.6.0/stm32cubeide/plugins/com.st.stm32cube.ide.mcu.externaltools.gnu-tools-for-stm32.10.3-2021.10.win32_1.0.0.202111181127/tools/bin/../lib/gcc/arm-none-eabi/10.3.1/thumb/v7-m/nofp/crtbegin.o
 .rodata        0x0000000000000000       0x24 c:/st/stm32cubeide_1.6.0/stm32cubeide/plugins/com.st.stm32cube.ide.mcu.externaltools.gnu-tools-for-stm32.10.3-2021.10.win32_1.0.0.202111181127/tools/bin/../lib/gcc/arm-none-eabi/10.3.1/thumb/v7-m/nofp/crtbegin.o
 .text          0x0000000000000000       0x7c c:/st/stm32cubeide_1.6.0/stm32cubeide/plugins/com.st.stm32cube.ide.mcu.externaltools.gnu-tools-for-stm32.10.3-2021.10.win32_1.0.0.202111181127/tools/bin/../lib/gcc/arm-none-eabi/10.3.1/../../../../arm-none-eabi/lib/thumb/v7-m/nofp/crt0.o
 .data          0x0000000000000000        0x0 c:/st/stm32cubeide_1.6.0/stm32cubeide/plugins/com.st.stm32cube.ide.mcu.externaltools.gnu-tools-for-stm32.10.3-2021.10.win32_1.0.0.202111181127/tools/bin/../lib/gcc/arm-none-eabi/10.3.1/../../../../arm-none-eabi/lib/thumb/v7-m/nofp/crt0.o
 .bss           0x0000000000000000        0x0 c:/st/stm32cubeide_1.6.0/stm32cubeide/plugins/com.st.stm32cube.ide.mcu.externaltools.gnu-tools-for-stm32.10.3-2021.10.win32_1.0.0.202111181127/tools/bin/../lib/gcc/arm-none-eabi/10.3.1/../../../../arm-none-eabi/lib/thumb/v7-m/nofp/crt0.o
 .ARM.extab     0x0000000000000000        0x0 c:/st/stm32cubeide_1.6.0/stm32cubeide/plugins/com.st.stm32cube.ide.mcu.externaltools.gnu-tools-for-stm32.10.3-2021.10.win32_1.0.0.202111181127/tools/bin/../lib/gcc/arm-none-eabi/10.3.1/../../../../arm-none-eabi/lib/thumb/v7-m/nofp/crt0.o
 .ARM.exidx     0x0000000000000000       0x10 c:/st/stm32cubeide_1.6.0/stm32cubeide/plugins/com.st.stm32cube.ide.mcu.externaltools.gnu-tools-for-stm32.10.3-2021.10.win32_1.0.0.202111181127/tools/bin/../lib/gcc/arm-none-eabi/10.3.1/../../../../arm-none-eabi/lib/thumb/v7-m/nofp/crt0.o
 .ARM.attributes
                0x0000000000000000       0x1b c:/st/stm32cubeide_1.6.0/stm32cubeide/plugins/com.st.stm32cube.ide.mcu.externaltools.gnu-tools-for-stm32.10.3-2021.10.win32_1.0.0.202111181127/tools/bin/../lib/gcc/arm-none-eabi/10.3.1/../../../../arm-none-eabi/lib/thumb/v7-m/nofp/crt0.o
 .group         0x0000000000000000        0xc ./Src/MAFIO_program.o
 .group         0x0000000000000000        0xc ./Src/MAFIO_program.o
 .group         0x0000000000000000        0xc ./Src/MAFIO_program.o
 .text          0x0000000000000000        0x0 ./Src/MAFIO_program.o
 .data          0x0000000000000000        0x0 ./Src/MAFIO_program.o
 .bss           0x0000000000000000        0x0 ./Src/MAFIO_program.o
 .text.MAFIO_voidSelectPortEXTICR1
                0x0000000000000000      0x14c ./Src/MAFIO_program.o
 .text.MAFIO_voidSelectPortEXTICR2
                0x0000000000000000      0x14c ./Src/MAFIO_program.o
 .text.MAFIO_voidSelectPortEXTICR3
                0x0000000000000000      0x14c ./Src/MAFIO_program.o
 .text.MAFIO_voidSelectPortEXTICR4
                0x0000000000000000      0x14c ./Src/MAFIO_program.o
 .text.MAFIO_voidSelectEXTIPin
                0x0000000000000000      0x188 ./Src/MAFIO_program.o
 .text.MAFIO_voidSelectPortEVOUT
                0x0000000000000000       0xa0 ./Src/MAFIO_program.o
 .text.MAFIO_voidSelectPinEVOUT
                0x0000000000000000      0x38c ./Src/MAFIO_program.o
 .text.MAFIO_voidConfigEventOutput
                0x0000000000000000       0x58 ./Src/MAFIO_program.o
 .debug_info    0x0000000000000000      0x855 ./Src/MAFIO_program.o
 .debug_abbrev  0x0000000000000000      0x14e ./Src/MAFIO_program.o
 .debug_aranges
                0x0000000000000000       0x58 ./Src/MAFIO_program.o
 .debug_ranges  0x0000000000000000       0x48 ./Src/MAFIO_program.o
 .debug_macro   0x0000000000000000       0x41 ./Src/MAFIO_program.o
 .debug_macro   0x0000000000000000      0xa72 ./Src/MAFIO_program.o
 .debug_macro   0x0000000000000000       0x58 ./Src/MAFIO_program.o
 .debug_macro   0x0000000000000000       0x16 ./Src/MAFIO_program.o
 .debug_line    0x0000000000000000      0x241 ./Src/MAFIO_program.o
 .debug_str     0x0000000000000000     0x3ec7 ./Src/MAFIO_program.o
 .comment       0x0000000000000000       0x51 ./Src/MAFIO_program.o
 .debug_frame   0x0000000000000000      0x15c ./Src/MAFIO_program.o
 .ARM.attributes
                0x0000000000000000       0x2d ./Src/MAFIO_program.o
 .group         0x0000000000000000        0xc ./Src/MGPIO_program.o
 .group         0x0000000000000000        0xc ./Src/MGPIO_program.o
 .group         0x0000000000000000        0xc ./Src/MGPIO_program.o
 .text          0x0000000000000000        0x0 ./Src/MGPIO_program.o
 .data          0x0000000000000000        0x0 ./Src/MGPIO_program.o
 .bss           0x0000000000000000        0x0 ./Src/MGPIO_program.o
 .text.MGPIO_u8GetPinValue
                0x0000000000000000       0x7c ./Src/MGPIO_program.o
 .debug_macro   0x0000000000000000      0xa72 ./Src/MGPIO_program.o
 .debug_macro   0x0000000000000000       0x58 ./Src/MGPIO_program.o
 .group         0x0000000000000000        0xc ./Src/MNVIC_program.o
 .group         0x0000000000000000        0xc ./Src/MNVIC_program.o
 .group         0x0000000000000000        0xc ./Src/MNVIC_program.o
 .text          0x0000000000000000        0x0 ./Src/MNVIC_program.o
 .data          0x0000000000000000        0x0 ./Src/MNVIC_program.o
 .bss           0x0000000000000000        0x0 ./Src/MNVIC_program.o
 .text.MNVIC_voidClearEnableINT
                0x0000000000000000       0x7c ./Src/MNVIC_program.o
 .text.MNVIC_voidSetPendingFlagINT
                0x0000000000000000       0x7c ./Src/MNVIC_program.o
 .text.MNVIC_voidClearPendingFlagINT
                0x0000000000000000       0x7c ./Src/MNVIC_program.o
 .text.MNVIC_u8GetActiveBitFlagINT
                0x0000000000000000       0x7c ./Src/MNVIC_program.o
 .text.MNVIC_voidSetPriorityINT
                0x0000000000000000       0x50 ./Src/MNVIC_program.o
 .debug_macro   0x0000000000000000      0xa72 ./Src/MNVIC_program.o
 .debug_macro   0x0000000000000000       0x58 ./Src/MNVIC_program.o
 .group         0x0000000000000000        0xc ./Src/MRCC_program.o
 .group         0x0000000000000000        0xc ./Src/MRCC_program.o
 .group         0x0000000000000000        0xc ./Src/MRCC_program.o
 .group         0x0000000000000000        0xc ./Src/MRCC_program.o
 .text          0x0000000000000000        0x0 ./Src/MRCC_program.o
 .data          0x0000000000000000        0x0 ./Src/MRCC_program.o
 .bss           0x0000000000000000        0x0 ./Src/MRCC_program.o
 .text.MRCC_voidEnableAHBClk
                0x0000000000000000       0x2c ./Src/MRCC_program.o
 .text.MRCC_voidEnableAPB1Clk
                0x0000000000000000       0x2c ./Src/MRCC_program.o
 .text.MRCC_voidDisableAHBClk
                0x0000000000000000       0x30 ./Src/MRCC_program.o
 .text.MRCC_voidDisableAPB2Clk
                0x0000000000000000       0x30 ./Src/MRCC_program.o
 .text.MRCC_voidDisableAPB1Clk
                0x0000000000000000       0x30 ./Src/MRCC_program.o
 .debug_macro   0x0000000000000000      0xa72 ./Src/MRCC_program.o
 .debug_macro   0x0000000000000000       0x58 ./Src/MRCC_program.o
 .group         0x0000000000000000        0xc ./Src/MSCB_program.o
 .group         0x0000000000000000        0xc ./Src/MSCB_program.o
 .group         0x0000000000000000        0xc ./Src/MSCB_program.o
 .group         0x0000000000000000        0xc ./Src/MSCB_program.o
 .group         0x0000000000000000        0xc ./Src/MSCB_program.o
 .text          0x0000000000000000        0x0 ./Src/MSCB_program.o
 .data          0x0000000000000000        0x0 ./Src/MSCB_program.o
 .bss           0x0000000000000000        0x0 ./Src/MSCB_program.o
 .text.MSCB_voidSetPriorityGroupControl
                0x0000000000000000       0x1c ./Src/MSCB_program.o
 .text.MSCB_voidEnableUnprivilegedSW
                0x0000000000000000       0x1c ./Src/MSCB_program.o
 .debug_info    0x0000000000000000      0x148 ./Src/MSCB_program.o
 .debug_abbrev  0x0000000000000000       0x81 ./Src/MSCB_program.o
 .debug_aranges
                0x0000000000000000       0x28 ./Src/MSCB_program.o
 .debug_ranges  0x0000000000000000       0x18 ./Src/MSCB_program.o
 .debug_macro   0x0000000000000000       0x3f ./Src/MSCB_program.o
 .debug_macro   0x0000000000000000      0xa72 ./Src/MSCB_program.o
 .debug_macro   0x0000000000000000       0x58 ./Src/MSCB_program.o
 .debug_macro   0x0000000000000000       0x2e ./Src/MSCB_program.o
 .debug_macro   0x0000000000000000       0x16 ./Src/MSCB_program.o
 .debug_macro   0x0000000000000000       0x10 ./Src/MSCB_program.o
 .debug_line    0x0000000000000000       0xc2 ./Src/MSCB_program.o
 .debug_str     0x0000000000000000     0x3122 ./Src/MSCB_program.o
 .comment       0x0000000000000000       0x51 ./Src/MSCB_program.o
 .debug_frame   0x0000000000000000       0x50 ./Src/MSCB_program.o
 .ARM.attributes
                0x0000000000000000       0x2d ./Src/MSCB_program.o
 .group         0x0000000000000000        0xc ./Src/MSTK_program.o
 .group         0x0000000000000000        0xc ./Src/MSTK_program.o
 .group         0x0000000000000000        0xc ./Src/MSTK_program.o
 .group         0x0000000000000000        0xc ./Src/MSTK_program.o
 .text          0x0000000000000000        0x0 ./Src/MSTK_program.o
 .data          0x0000000000000000        0x0 ./Src/MSTK_program.o
 .bss           0x0000000000000000        0x0 ./Src/MSTK_program.o
 .text.MSTK_voidDelay
                0x0000000000000000       0x64 ./Src/MSTK_program.o
 .text.MSTK_voidOneShot
                0x0000000000000000       0x78 ./Src/MSTK_program.o
 .text.MSTK_voidMultiShot
                0x0000000000000000       0x80 ./Src/MSTK_program.o
 .text.MSTK_voidStop
                0x0000000000000000       0x34 ./Src/MSTK_program.o
 .text.MSTK_u32GetElapsedTime
                0x0000000000000000       0x28 ./Src/MSTK_program.o
 .text.MSTK_u32GetRemainingTime
                0x0000000000000000       0x20 ./Src/MSTK_program.o
 .debug_macro   0x0000000000000000      0xa72 ./Src/MSTK_program.o
 .debug_macro   0x0000000000000000       0x58 ./Src/MSTK_program.o
 .group         0x0000000000000000        0xc ./Src/MUSART_program.o
 .group         0x0000000000000000        0xc ./Src/MUSART_program.o
 .group         0x0000000000000000        0xc ./Src/MUSART_program.o
 .text          0x0000000000000000        0x0 ./Src/MUSART_program.o
 .data          0x0000000000000000        0x0 ./Src/MUSART_program.o
 .bss           0x0000000000000000        0x0 ./Src/MUSART_program.o
 .text.MUSART1_VoidSetCallBack
                0x0000000000000000       0x1c ./Src/MUSART_program.o
 .text.MUSART2_VoidSetCallBack
                0x0000000000000000       0x1c ./Src/MUSART_program.o
 .text.MUSART3_VoidSetCallBack
                0x0000000000000000       0x1c ./Src/MUSART_program.o
 .debug_macro   0x0000000000000000      0xa72 ./Src/MUSART_program.o
 .debug_macro   0x0000000000000000       0x58 ./Src/MUSART_program.o
 .group         0x0000000000000000        0xc ./Src/main.o
 .group         0x0000000000000000        0xc ./Src/main.o
 .group         0x0000000000000000        0xc ./Src/main.o
 .group         0x0000000000000000        0xc ./Src/main.o
 .group         0x0000000000000000        0xc ./Src/main.o
 .group         0x0000000000000000        0xc ./Src/main.o
 .group         0x0000000000000000        0xc ./Src/main.o
 .group         0x0000000000000000        0xc ./Src/main.o
 .group         0x0000000000000000        0xc ./Src/main.o
 .group         0x0000000000000000        0xc ./Src/main.o
 .group         0x0000000000000000        0xc ./Src/main.o
 .group         0x0000000000000000        0xc ./Src/main.o
 .group         0x0000000000000000        0xc ./Src/main.o
 .group         0x0000000000000000        0xc ./Src/main.o
 .group         0x0000000000000000        0xc ./Src/main.o
 .group         0x0000000000000000        0xc ./Src/main.o
 .group         0x0000000000000000        0xc ./Src/main.o
 .group         0x0000000000000000        0xc ./Src/main.o
 .group         0x0000000000000000        0xc ./Src/main.o
 .group         0x0000000000000000        0xc ./Src/main.o
 .group         0x0000000000000000        0xc ./Src/main.o
 .group         0x0000000000000000        0xc ./Src/main.o
 .group         0x0000000000000000        0xc ./Src/main.o
 .group         0x0000000000000000        0xc ./Src/main.o
 .group         0x0000000000000000        0xc ./Src/main.o
 .group         0x0000000000000000        0xc ./Src/main.o
 .group         0x0000000000000000        0xc ./Src/main.o
 .group         0x0000000000000000        0xc ./Src/main.o
 .group         0x0000000000000000        0xc ./Src/main.o
 .group         0x0000000000000000        0xc ./Src/main.o
 .group         0x0000000000000000        0xc ./Src/main.o
 .group         0x0000000000000000        0xc ./Src/main.o
 .group         0x0000000000000000        0xc ./Src/main.o
 .group         0x0000000000000000        0xc ./Src/main.o
 .group         0x0000000000000000        0xc ./Src/main.o
 .group         0x0000000000000000        0xc ./Src/main.o
 .group         0x0000000000000000        0xc ./Src/main.o
 .group         0x0000000000000000        0xc ./Src/main.o
 .group         0x0000000000000000        0xc ./Src/main.o
 .text          0x0000000000000000        0x0 ./Src/main.o
 .data          0x0000000000000000        0x0 ./Src/main.o
 .bss           0x0000000000000000        0x0 ./Src/main.o
 .debug_macro   0x0000000000000000      0xa72 ./Src/main.o
 .debug_macro   0x0000000000000000       0x58 ./Src/main.o
 .text          0x0000000000000000       0x14 ./Startup/startup_stm32f103c8tx.o
 .data          0x0000000000000000        0x0 ./Startup/startup_stm32f103c8tx.o
 .bss           0x0000000000000000        0x0 ./Startup/startup_stm32f103c8tx.o
 .text          0x0000000000000000        0x0 c:/st/stm32cubeide_1.6.0/stm32cubeide/plugins/com.st.stm32cube.ide.mcu.externaltools.gnu-tools-for-stm32.10.3-2021.10.win32_1.0.0.202111181127/tools/bin/../lib/gcc/arm-none-eabi/10.3.1/../../../../arm-none-eabi/lib/thumb/v7-m/nofp\libc_nano.a(lib_a-exit.o)
 .data          0x0000000000000000        0x0 c:/st/stm32cubeide_1.6.0/stm32cubeide/plugins/com.st.stm32cube.ide.mcu.externaltools.gnu-tools-for-stm32.10.3-2021.10.win32_1.0.0.202111181127/tools/bin/../lib/gcc/arm-none-eabi/10.3.1/../../../../arm-none-eabi/lib/thumb/v7-m/nofp\libc_nano.a(lib_a-exit.o)
 .bss           0x0000000000000000        0x0 c:/st/stm32cubeide_1.6.0/stm32cubeide/plugins/com.st.stm32cube.ide.mcu.externaltools.gnu-tools-for-stm32.10.3-2021.10.win32_1.0.0.202111181127/tools/bin/../lib/gcc/arm-none-eabi/10.3.1/../../../../arm-none-eabi/lib/thumb/v7-m/nofp\libc_nano.a(lib_a-exit.o)
 .text.exit     0x0000000000000000       0x28 c:/st/stm32cubeide_1.6.0/stm32cubeide/plugins/com.st.stm32cube.ide.mcu.externaltools.gnu-tools-for-stm32.10.3-2021.10.win32_1.0.0.202111181127/tools/bin/../lib/gcc/arm-none-eabi/10.3.1/../../../../arm-none-eabi/lib/thumb/v7-m/nofp\libc_nano.a(lib_a-exit.o)
 .debug_frame   0x0000000000000000       0x28 c:/st/stm32cubeide_1.6.0/stm32cubeide/plugins/com.st.stm32cube.ide.mcu.externaltools.gnu-tools-for-stm32.10.3-2021.10.win32_1.0.0.202111181127/tools/bin/../lib/gcc/arm-none-eabi/10.3.1/../../../../arm-none-eabi/lib/thumb/v7-m/nofp\libc_nano.a(lib_a-exit.o)
 .ARM.attributes
                0x0000000000000000       0x2d c:/st/stm32cubeide_1.6.0/stm32cubeide/plugins/com.st.stm32cube.ide.mcu.externaltools.gnu-tools-for-stm32.10.3-2021.10.win32_1.0.0.202111181127/tools/bin/../lib/gcc/arm-none-eabi/10.3.1/../../../../arm-none-eabi/lib/thumb/v7-m/nofp\libc_nano.a(lib_a-exit.o)
 .text          0x0000000000000000        0x0 c:/st/stm32cubeide_1.6.0/stm32cubeide/plugins/com.st.stm32cube.ide.mcu.externaltools.gnu-tools-for-stm32.10.3-2021.10.win32_1.0.0.202111181127/tools/bin/../lib/gcc/arm-none-eabi/10.3.1/../../../../arm-none-eabi/lib/thumb/v7-m/nofp\libc_nano.a(lib_a-impure.o)
 .data          0x0000000000000000        0x0 c:/st/stm32cubeide_1.6.0/stm32cubeide/plugins/com.st.stm32cube.ide.mcu.externaltools.gnu-tools-for-stm32.10.3-2021.10.win32_1.0.0.202111181127/tools/bin/../lib/gcc/arm-none-eabi/10.3.1/../../../../arm-none-eabi/lib/thumb/v7-m/nofp\libc_nano.a(lib_a-impure.o)
 .bss           0x0000000000000000        0x0 c:/st/stm32cubeide_1.6.0/stm32cubeide/plugins/com.st.stm32cube.ide.mcu.externaltools.gnu-tools-for-stm32.10.3-2021.10.win32_1.0.0.202111181127/tools/bin/../lib/gcc/arm-none-eabi/10.3.1/../../../../arm-none-eabi/lib/thumb/v7-m/nofp\libc_nano.a(lib_a-impure.o)
 .data._impure_ptr
                0x0000000000000000        0x4 c:/st/stm32cubeide_1.6.0/stm32cubeide/plugins/com.st.stm32cube.ide.mcu.externaltools.gnu-tools-for-stm32.10.3-2021.10.win32_1.0.0.202111181127/tools/bin/../lib/gcc/arm-none-eabi/10.3.1/../../../../arm-none-eabi/lib/thumb/v7-m/nofp\libc_nano.a(lib_a-impure.o)
 .data.impure_data
                0x0000000000000000       0x60 c:/st/stm32cubeide_1.6.0/stm32cubeide/plugins/com.st.stm32cube.ide.mcu.externaltools.gnu-tools-for-stm32.10.3-2021.10.win32_1.0.0.202111181127/tools/bin/../lib/gcc/arm-none-eabi/10.3.1/../../../../arm-none-eabi/lib/thumb/v7-m/nofp\libc_nano.a(lib_a-impure.o)
 .rodata._global_impure_ptr
                0x0000000000000000        0x4 c:/st/stm32cubeide_1.6.0/stm32cubeide/plugins/com.st.stm32cube.ide.mcu.externaltools.gnu-tools-for-stm32.10.3-2021.10.win32_1.0.0.202111181127/tools/bin/../lib/gcc/arm-none-eabi/10.3.1/../../../../arm-none-eabi/lib/thumb/v7-m/nofp\libc_nano.a(lib_a-impure.o)
 .ARM.attributes
                0x0000000000000000       0x2d c:/st/stm32cubeide_1.6.0/stm32cubeide/plugins/com.st.stm32cube.ide.mcu.externaltools.gnu-tools-for-stm32.10.3-2021.10.win32_1.0.0.202111181127/tools/bin/../lib/gcc/arm-none-eabi/10.3.1/../../../../arm-none-eabi/lib/thumb/v7-m/nofp\libc_nano.a(lib_a-impure.o)
 .text          0x0000000000000000        0x0 c:/st/stm32cubeide_1.6.0/stm32cubeide/plugins/com.st.stm32cube.ide.mcu.externaltools.gnu-tools-for-stm32.10.3-2021.10.win32_1.0.0.202111181127/tools/bin/../lib/gcc/arm-none-eabi/10.3.1/../../../../arm-none-eabi/lib/thumb/v7-m/nofp\libc_nano.a(lib_a-init.o)
 .data          0x0000000000000000        0x0 c:/st/stm32cubeide_1.6.0/stm32cubeide/plugins/com.st.stm32cube.ide.mcu.externaltools.gnu-tools-for-stm32.10.3-2021.10.win32_1.0.0.202111181127/tools/bin/../lib/gcc/arm-none-eabi/10.3.1/../../../../arm-none-eabi/lib/thumb/v7-m/nofp\libc_nano.a(lib_a-init.o)
 .bss           0x0000000000000000        0x0 c:/st/stm32cubeide_1.6.0/stm32cubeide/plugins/com.st.stm32cube.ide.mcu.externaltools.gnu-tools-for-stm32.10.3-2021.10.win32_1.0.0.202111181127/tools/bin/../lib/gcc/arm-none-eabi/10.3.1/../../../../arm-none-eabi/lib/thumb/v7-m/nofp\libc_nano.a(lib_a-init.o)
 .text          0x0000000000000000        0x0 c:/st/stm32cubeide_1.6.0/stm32cubeide/plugins/com.st.stm32cube.ide.mcu.externaltools.gnu-tools-for-stm32.10.3-2021.10.win32_1.0.0.202111181127/tools/bin/../lib/gcc/arm-none-eabi/10.3.1/../../../../arm-none-eabi/lib/thumb/v7-m/nofp\libc_nano.a(lib_a-memset.o)
 .data          0x0000000000000000        0x0 c:/st/stm32cubeide_1.6.0/stm32cubeide/plugins/com.st.stm32cube.ide.mcu.externaltools.gnu-tools-for-stm32.10.3-2021.10.win32_1.0.0.202111181127/tools/bin/../lib/gcc/arm-none-eabi/10.3.1/../../../../arm-none-eabi/lib/thumb/v7-m/nofp\libc_nano.a(lib_a-memset.o)
 .bss           0x0000000000000000        0x0 c:/st/stm32cubeide_1.6.0/stm32cubeide/plugins/com.st.stm32cube.ide.mcu.externaltools.gnu-tools-for-stm32.10.3-2021.10.win32_1.0.0.202111181127/tools/bin/../lib/gcc/arm-none-eabi/10.3.1/../../../../arm-none-eabi/lib/thumb/v7-m/nofp\libc_nano.a(lib_a-memset.o)
 .text.memset   0x0000000000000000       0x10 c:/st/stm32cubeide_1.6.0/stm32cubeide/plugins/com.st.stm32cube.ide.mcu.externaltools.gnu-tools-for-stm32.10.3-2021.10.win32_1.0.0.202111181127/tools/bin/../lib/gcc/arm-none-eabi/10.3.1/../../../../arm-none-eabi/lib/thumb/v7-m/nofp\libc_nano.a(lib_a-memset.o)
 .debug_frame   0x0000000000000000       0x20 c:/st/stm32cubeide_1.6.0/stm32cubeide/plugins/com.st.stm32cube.ide.mcu.externaltools.gnu-tools-for-stm32.10.3-2021.10.win32_1.0.0.202111181127/tools/bin/../lib/gcc/arm-none-eabi/10.3.1/../../../../arm-none-eabi/lib/thumb/v7-m/nofp\libc_nano.a(lib_a-memset.o)
 .ARM.attributes
                0x0000000000000000       0x2d c:/st/stm32cubeide_1.6.0/stm32cubeide/plugins/com.st.stm32cube.ide.mcu.externaltools.gnu-tools-for-stm32.10.3-2021.10.win32_1.0.0.202111181127/tools/bin/../lib/gcc/arm-none-eabi/10.3.1/../../../../arm-none-eabi/lib/thumb/v7-m/nofp\libc_nano.a(lib_a-memset.o)
 .data          0x0000000000000000        0x0 c:/st/stm32cubeide_1.6.0/stm32cubeide/plugins/com.st.stm32cube.ide.mcu.externaltools.gnu-tools-for-stm32.10.3-2021.10.win32_1.0.0.202111181127/tools/bin/../lib/gcc/arm-none-eabi/10.3.1/../../../../arm-none-eabi/lib/thumb/v7-m/nofp\libc_nano.a(lib_a-strcmp.o)
 .bss           0x0000000000000000        0x0 c:/st/stm32cubeide_1.6.0/stm32cubeide/plugins/com.st.stm32cube.ide.mcu.externaltools.gnu-tools-for-stm32.10.3-2021.10.win32_1.0.0.202111181127/tools/bin/../lib/gcc/arm-none-eabi/10.3.1/../../../../arm-none-eabi/lib/thumb/v7-m/nofp\libc_nano.a(lib_a-strcmp.o)
 .text          0x0000000000000000        0x0 c:/st/stm32cubeide_1.6.0/stm32cubeide/plugins/com.st.stm32cube.ide.mcu.externaltools.gnu-tools-for-stm32.10.3-2021.10.win32_1.0.0.202111181127/tools/bin/../lib/gcc/arm-none-eabi/10.3.1/../../../../arm-none-eabi/lib/thumb/v7-m/nofp\libnosys.a(_exit.o)
 .data          0x0000000000000000        0x0 c:/st/stm32cubeide_1.6.0/stm32cubeide/plugins/com.st.stm32cube.ide.mcu.externaltools.gnu-tools-for-stm32.10.3-2021.10.win32_1.0.0.202111181127/tools/bin/../lib/gcc/arm-none-eabi/10.3.1/../../../../arm-none-eabi/lib/thumb/v7-m/nofp\libnosys.a(_exit.o)
 .bss           0x0000000000000000        0x0 c:/st/stm32cubeide_1.6.0/stm32cubeide/plugins/com.st.stm32cube.ide.mcu.externaltools.gnu-tools-for-stm32.10.3-2021.10.win32_1.0.0.202111181127/tools/bin/../lib/gcc/arm-none-eabi/10.3.1/../../../../arm-none-eabi/lib/thumb/v7-m/nofp\libnosys.a(_exit.o)
 .text._exit    0x0000000000000000        0x2 c:/st/stm32cubeide_1.6.0/stm32cubeide/plugins/com.st.stm32cube.ide.mcu.externaltools.gnu-tools-for-stm32.10.3-2021.10.win32_1.0.0.202111181127/tools/bin/../lib/gcc/arm-none-eabi/10.3.1/../../../../arm-none-eabi/lib/thumb/v7-m/nofp\libnosys.a(_exit.o)
 .debug_frame   0x0000000000000000       0x20 c:/st/stm32cubeide_1.6.0/stm32cubeide/plugins/com.st.stm32cube.ide.mcu.externaltools.gnu-tools-for-stm32.10.3-2021.10.win32_1.0.0.202111181127/tools/bin/../lib/gcc/arm-none-eabi/10.3.1/../../../../arm-none-eabi/lib/thumb/v7-m/nofp\libnosys.a(_exit.o)
 .ARM.attributes
                0x0000000000000000       0x2d c:/st/stm32cubeide_1.6.0/stm32cubeide/plugins/com.st.stm32cube.ide.mcu.externaltools.gnu-tools-for-stm32.10.3-2021.10.win32_1.0.0.202111181127/tools/bin/../lib/gcc/arm-none-eabi/10.3.1/../../../../arm-none-eabi/lib/thumb/v7-m/nofp\libnosys.a(_exit.o)
 .text          0x0000000000000000        0x0 c:/st/stm32cubeide_1.6.0/stm32cubeide/plugins/com.st.stm32cube.ide.mcu.externaltools.gnu-tools-for-stm32.10.3-2021.10.win32_1.0.0.202111181127/tools/bin/../lib/gcc/arm-none-eabi/10.3.1/thumb/v7-m/nofp/crtend.o
 .data          0x0000000000000000        0x0 c:/st/stm32cubeide_1.6.0/stm32cubeide/plugins/com.st.stm32cube.ide.mcu.externaltools.gnu-tools-for-stm32.10.3-2021.10.win32_1.0.0.202111181127/tools/bin/../lib/gcc/arm-none-eabi/10.3.1/thumb/v7-m/nofp/crtend.o
 .bss           0x0000000000000000        0x0 c:/st/stm32cubeide_1.6.0/stm32cubeide/plugins/com.st.stm32cube.ide.mcu.externaltools.gnu-tools-for-stm32.10.3-2021.10.win32_1.0.0.202111181127/tools/bin/../lib/gcc/arm-none-eabi/10.3.1/thumb/v7-m/nofp/crtend.o
 .rodata        0x0000000000000000       0x24 c:/st/stm32cubeide_1.6.0/stm32cubeide/plugins/com.st.stm32cube.ide.mcu.externaltools.gnu-tools-for-stm32.10.3-2021.10.win32_1.0.0.202111181127/tools/bin/../lib/gcc/arm-none-eabi/10.3.1/thumb/v7-m/nofp/crtend.o
 .eh_frame      0x0000000000000000        0x4 c:/st/stm32cubeide_1.6.0/stm32cubeide/plugins/com.st.stm32cube.ide.mcu.externaltools.gnu-tools-for-stm32.10.3-2021.10.win32_1.0.0.202111181127/tools/bin/../lib/gcc/arm-none-eabi/10.3.1/thumb/v7-m/nofp/crtend.o
 .ARM.attributes
                0x0000000000000000       0x2d c:/st/stm32cubeide_1.6.0/stm32cubeide/plugins/com.st.stm32cube.ide.mcu.externaltools.gnu-tools-for-stm32.10.3-2021.10.win32_1.0.0.202111181127/tools/bin/../lib/gcc/arm-none-eabi/10.3.1/thumb/v7-m/nofp/crtend.o
 .text          0x0000000000000000        0x0 c:/st/stm32cubeide_1.6.0/stm32cubeide/plugins/com.st.stm32cube.ide.mcu.externaltools.gnu-tools-for-stm32.10.3-2021.10.win32_1.0.0.202111181127/tools/bin/../lib/gcc/arm-none-eabi/10.3.1/thumb/v7-m/nofp/crtn.o
 .data          0x0000000000000000        0x0 c:/st/stm32cubeide_1.6.0/stm32cubeide/plugins/com.st.stm32cube.ide.mcu.externaltools.gnu-tools-for-stm32.10.3-2021.10.win32_1.0.0.202111181127/tools/bin/../lib/gcc/arm-none-eabi/10.3.1/thumb/v7-m/nofp/crtn.o
 .bss           0x0000000000000000        0x0 c:/st/stm32cubeide_1.6.0/stm32cubeide/plugins/com.st.stm32cube.ide.mcu.externaltools.gnu-tools-for-stm32.10.3-2021.10.win32_1.0.0.202111181127/tools/bin/../lib/gcc/arm-none-eabi/10.3.1/thumb/v7-m/nofp/crtn.o

Memory Configuration

Name             Origin             Length             Attributes
RAM              0x0000000020000000 0x0000000000005000 xrw
FLASH            0x0000000008000000 0x0000000000010000 xr
*default*        0x0000000000000000 0xffffffffffffffff

Linker script and memory map

LOAD c:/st/stm32cubeide_1.6.0/stm32cubeide/plugins/com.st.stm32cube.ide.mcu.externaltools.gnu-tools-for-stm32.10.3-2021.10.win32_1.0.0.202111181127/tools/bin/../lib/gcc/arm-none-eabi/10.3.1/thumb/v7-m/nofp/crti.o
LOAD c:/st/stm32cubeide_1.6.0/stm32cubeide/plugins/com.st.stm32cube.ide.mcu.externaltools.gnu-tools-for-stm32.10.3-2021.10.win32_1.0.0.202111181127/tools/bin/../lib/gcc/arm-none-eabi/10.3.1/thumb/v7-m/nofp/crtbegin.o
LOAD c:/st/stm32cubeide_1.6.0/stm32cubeide/plugins/com.st.stm32cube.ide.mcu.externaltools.gnu-tools-for-stm32.10.3-2021.10.win32_1.0.0.202111181127/tools/bin/../lib/gcc/arm-none-eabi/10.3.1/../../../../arm-none-eabi/lib/thumb/v7-m/nofp/crt0.o
LOAD ./Src/MAFIO_program.o
LOAD ./Src/MGPIO_program.o
LOAD ./Src/MNVIC_program.o
LOAD ./Src/MRCC_program.o
LOAD ./Src/MSCB_program.o
LOAD ./Src/MSTK_program.o
LOAD ./Src/MUSART_program.o
LOAD ./Src/main.o
LOAD ./Startup/startup_stm32f103c8tx.o
START GROUP
LOAD c:/st/stm32cubeide_1.6.0/stm32cubeide/plugins/com.st.stm32cube.ide.mcu.externaltools.gnu-tools-for-stm32.10.3-2021.10.win32_1.0.0.202111181127/tools/bin/../lib/gcc/arm-none-eabi/10.3.1/../../../../arm-none-eabi/lib/thumb/v7-m/nofp\libc_nano.a
LOAD c:/st/stm32cubeide_1.6.0/stm32cubeide/plugins/com.st.stm32cube.ide.mcu.externaltools.gnu-tools-for-stm32.10.3-2021.10.win32_1.0.0.202111181127/tools/bin/../lib/gcc/arm-none-eabi/10.3.1/../../../../arm-none-eabi/lib/thumb/v7-m/nofp\libm.a
END GROUP
START GROUP
LOAD c:/st/stm32cubeide_1.6.0/stm32cubeide/plugins/com.st.stm32cube.ide.mcu.externaltools.gnu-tools-for-stm32.10.3-2021.10.win32_1.0.0.202111181127/tools/bin/../lib/gcc/arm-none-eabi/10.3.1/thumb/v7-m/nofp\libgcc.a
LOAD c:/st/stm32cubeide_1.6.0/stm32cubeide/plugins/com.st.stm32cube.ide.mcu.externaltools.gnu-tools-for-stm32.10.3-2021.10.win32_1.0.0.202111181127/tools/bin/../lib/gcc/arm-none-eabi/10.3.1/../../../../arm-none-eabi/lib/thumb/v7-m/nofp\libc_nano.a
END GROUP
START GROUP
LOAD c:/st/stm32cubeide_1.6.0/stm32cubeide/plugins/com.st.stm32cube.ide.mcu.externaltools.gnu-tools-for-stm32.10.3-2021.10.win32_1.0.0.202111181127/tools/bin/../lib/gcc/arm-none-eabi/10.3.1/thumb/v7-m/nofp\libgcc.a
LOAD c:/st/stm32cubeide_1.6.0/stm32cubeide/plugins/com.st.stm32cube.ide.mcu.externaltools.gnu-tools-for-stm32.10.3-2021.10.win32_1.0.0.202111181127/tools/bin/../lib/gcc/arm-none-eabi/10.3.1/../../../../arm-none-eabi/lib/thumb/v7-m/nofp\libc_nano.a
LOAD c:/st/stm32cubeide_1.6.0/stm32cubeide/plugins/com.st.stm32cube.ide.mcu.externaltools.gnu-tools-for-stm32.10.3-2021.10.win32_1.0.0.202111181127/tools/bin/../lib/gcc/arm-none-eabi/10.3.1/../../../../arm-none-eabi/lib/thumb/v7-m/nofp\libnosys.a
END GROUP
START GROUP
LOAD c:/st/stm32cubeide_1.6.0/stm32cubeide/plugins/com.st.stm32cube.ide.mcu.externaltools.gnu-tools-for-stm32.10.3-2021.10.win32_1.0.0.202111181127/tools/bin/../lib/gcc/arm-none-eabi/10.3.1/thumb/v7-m/nofp\libgcc.a
LOAD c:/st/stm32cubeide_1.6.0/stm32cubeide/plugins/com.st.stm32cube.ide.mcu.externaltools.gnu-tools-for-stm32.10.3-2021.10.win32_1.0.0.202111181127/tools/bin/../lib/gcc/arm-none-eabi/10.3.1/../../../../arm-none-eabi/lib/thumb/v7-m/nofp\libc_nano.a
LOAD c:/st/stm32cubeide_1.6.0/stm32cubeide/plugins/com.st.stm32cube.ide.mcu.externaltools.gnu-tools-for-stm32.10.3-2021.10.win32_1.0.0.202111181127/tools/bin/../lib/gcc/arm-none-eabi/10.3.1/../../../../arm-none-eabi/lib/thumb/v7-m/nofp\libnosys.a
END GROUP
LOAD c:/st/stm32cubeide_1.6.0/stm32cubeide/plugins/com.st.stm32cube.ide.mcu.externaltools.gnu-tools-for-stm32.10.3-2021.10.win32_1.0.0.202111181127/tools/bin/../lib/gcc/arm-none-eabi/10.3.1/thumb/v7-m/nofp/crtend.o
LOAD c:/st/stm32cubeide_1.6.0/stm32cubeide/plugins/com.st.stm32cube.ide.mcu.externaltools.gnu-tools-for-stm32.10.3-2021.10.win32_1.0.0.202111181127/tools/bin/../lib/gcc/arm-none-eabi/10.3.1/thumb/v7-m/nofp/crtn.o
                0x0000000020005000                _estack = (ORIGIN (RAM) + LENGTH (RAM))
                0x0000000000000200                _Min_Heap_Size = 0x200
                0x0000000000000400                _Min_Stack_Size = 0x400

.isr_vector     0x0000000008000000      0x130
                0x0000000008000000                . = ALIGN (0x4)
 *(.isr_vector)
 .isr_vector    0x0000000008000000      0x130 ./Startup/startup_stm32f103c8tx.o
                0x0000000008000000                g_pfnVectors
                0x0000000008000130                . = ALIGN (0x4)

.text           0x0000000008000130     0x2ea8
                0x0000000008000130                . = ALIGN (0x4)
 *(.text)
 .text          0x0000000008000130       0x40 c:/st/stm32cubeide_1.6.0/stm32cubeide/plugins/com.st.stm32cube.ide.mcu.externaltools.gnu-tools-for-stm32.10.3-2021.10.win32_1.0.0.202111181127/tools/bin/../lib/gcc/arm-none-eabi/10.3.1/thumb/v7-m/nofp/crtbegin.o
 .text          0x0000000008000170       0x14 c:/st/stm32cubeide_1.6.0/stm32cubeide/plugins/com.st.stm32cube.ide.mcu.externaltools.gnu-tools-for-stm32.10.3-2021.10.win32_1.0.0.202111181127/tools/bin/../lib/gcc/arm-none-eabi/10.3.1/../../../../arm-none-eabi/lib/thumb/v7-m/nofp\libc_nano.a(lib_a-strcmp.o)
                0x0000000008000170                strcmp
 *(.text*)
 .text.MGPIO_voidSetPAMode_CRL
                0x0000000008000184      0x5cc ./Src/MGPIO_program.o
 .text.MGPIO_voidSetPAMode_CRH
                0x0000000008000750      0x5cc ./Src/MGPIO_program.o
 .text.MGPIO_voidSetPApinDirection
                0x0000000008000d1c      0x1c8 ./Src/MGPIO_program.o
 .text.MGPIO_voidSetPBMode_CRL
                0x0000000008000ee4      0x5cc ./Src/MGPIO_program.o
 .text.MGPIO_voidSetPBMode_CRH
                0x00000000080014b0      0x5cc ./Src/MGPIO_program.o
 .text.MGPIO_voidSetPBpinDirection
                0x0000000008001a7c      0x1c8 ./Src/MGPIO_program.o
 .text.MGPIO_voidSetPCMode_CRL
                0x0000000008001c44      0x5cc ./Src/MGPIO_program.o
 .text.MGPIO_voidSetPCMode_CRH
                0x0000000008002210      0x5cc ./Src/MGPIO_program.o
 .text.MGPIO_voidSetPCpinDirection
                0x00000000080027dc      0x1c8 ./Src/MGPIO_program.o
 .text.MGPIO_voidSetPinDirection
                0x00000000080029a4       0x64 ./Src/MGPIO_program.o
                0x00000000080029a4                MGPIO_voidSetPinDirection
 .text.MGPIO_voidSetPinValue
                0x0000000008002a08       0xf4 ./Src/MGPIO_program.o
                0x0000000008002a08                MGPIO_voidSetPinValue
 .text.MNVIC_voidSetEnableINT
                0x0000000008002afc       0x7c ./Src/MNVIC_program.o
                0x0000000008002afc                MNVIC_voidSetEnableINT
 .text.MRCC_voidInitSysClk
                0x0000000008002b78       0x34 ./Src/MRCC_program.o
                0x0000000008002b78                MRCC_voidInitSysClk
 .text.MRCC_voidEnableAPB2Clk
                0x0000000008002bac       0x2c ./Src/MRCC_program.o
                0x0000000008002bac                MRCC_voidEnableAPB2Clk
 .text.MSTK_voidSystickInit
                0x0000000008002bd8       0x40 ./Src/MSTK_program.o
                0x0000000008002bd8                MSTK_voidSystickInit
 .text.SysTick_Handler
                0x0000000008002c18       0x58 ./Src/MSTK_program.o
                0x0000000008002c18                SysTick_Handler
 .text.MUSART_voidInit
                0x0000000008002c70       0xa4 ./Src/MUSART_program.o
                0x0000000008002c70                MUSART_voidInit
 .text.MUSART_voidSendChar
                0x0000000008002d14       0x3c ./Src/MUSART_program.o
                0x0000000008002d14                MUSART_voidSendChar
 .text.MUSART_voidSendString
                0x0000000008002d50       0x38 ./Src/MUSART_program.o
                0x0000000008002d50                MUSART_voidSendString
 .text.MUSART_u8ReceiveChar
                0x0000000008002d88       0x64 ./Src/MUSART_program.o
                0x0000000008002d88                MUSART_u8ReceiveChar
 .text.MUSART_u8ptrReceiveString
                0x0000000008002dec       0x40 ./Src/MUSART_program.o
                0x0000000008002dec                MUSART_u8ptrReceiveString
 .text.USART1_IRQHandler
                0x0000000008002e2c       0x1c ./Src/MUSART_program.o
                0x0000000008002e2c                USART1_IRQHandler
 .text.USART2_IRQHandler
                0x0000000008002e48       0x1c ./Src/MUSART_program.o
                0x0000000008002e48                USART2_IRQHandler
 .text.USART3_IRQHandler
                0x0000000008002e64       0x1c ./Src/MUSART_program.o
                0x0000000008002e64                USART3_IRQHandler
 .text.main     0x0000000008002e80       0xa4 ./Src/main.o
                0x0000000008002e80                main
 .text.Reset_Handler
                0x0000000008002f24       0x50 ./Startup/startup_stm32f103c8tx.o
                0x0000000008002f24                Reset_Handler
 .text.Default_Handler
                0x0000000008002f74        0x2 ./Startup/startup_stm32f103c8tx.o
                0x0000000008002f74                EXTI2_IRQHandler
                0x0000000008002f74                TIM8_TRG_COM_IRQHandler
                0x0000000008002f74                TIM8_CC_IRQHandler
                0x0000000008002f74                DebugMon_Handler
                0x0000000008002f74                TIM1_CC_IRQHandler
                0x0000000008002f74                HardFault_Handler
                0x0000000008002f74                TIM6_IRQHandler
                0x0000000008002f74                PVD_IRQHandler
                0x0000000008002f74                SDIO_IRQHandler
                0x0000000008002f74                PendSV_Handler
                0x0000000008002f74                NMI_Handler
                0x0000000008002f74                EXTI3_IRQHandler
                0x0000000008002f74                USB_HP_CAN_TX_IRQHandler
                0x0000000008002f74                EXTI0_IRQHandler
                0x0000000008002f74                I2C2_EV_IRQHandler
                0x0000000008002f74                UsageFault_Handler
                0x0000000008002f74                ADC1_2_IRQHandler
                0x0000000008002f74                SPI1_IRQHandler
                0x0000000008002f74                CAN_SCE_IRQHandler
                0x0000000008002f74                TAMPER_IRQHandler
                0x0000000008002f74                TIM8_UP_IRQHandler
                0x0000000008002f74                DMA2_Channel2_IRQHandler
                0x0000000008002f74                DMA1_Channel4_IRQHandler
                0x0000000008002f74                RTC_IRQHandler
                0x0000000008002f74                DMA1_Channel7_IRQHandler
                0x0000000008002f74                UART5_IRQHandler
                0x0000000008002f74                ADC3_IRQHandler
                0x0000000008002f74                TIM4_IRQHandler
                0x0000000008002f74                CAN_RX1_IRQHandler
                0x0000000008002f74                DMA2_Channel1_IRQHandler
                0x0000000008002f74                I2C1_EV_IRQHandler
                0x0000000008002f74                DMA1_Channel6_IRQHandler
                0x0000000008002f74                UART4_IRQHandler
                0x0000000008002f74                TIM3_IRQHandler
                0x0000000008002f74                RCC_IRQHandler
                0x0000000008002f74                TIM1_TRG_COM_IRQHandler
                0x0000000008002f74                DMA1_Channel1_IRQHandler
                0x0000000008002f74                Default_Handler
                0x0000000008002f74                EXTI15_10_IRQHandler
                0x0000000008002f74                TIM7_IRQHandler
                0x0000000008002f74                TIM5_IRQHandler
                0x0000000008002f74                EXTI9_5_IRQHandler
                0x0000000008002f74                SPI2_IRQHandler
                0x0000000008002f74                USB_LP_CAN_RX0_IRQHandler
                0x0000000008002f74                MemManage_Handler
                0x0000000008002f74                SVC_Handler
                0x0000000008002f74                DMA1_Channel5_IRQHandler
                0x0000000008002f74                EXTI4_IRQHandler
                0x0000000008002f74                DMA1_Channel3_IRQHandler
                0x0000000008002f74                FSMC_IRQHandler
                0x0000000008002f74                TIM1_UP_IRQHandler
                0x0000000008002f74                WWDG_IRQHandler
                0x0000000008002f74                TIM2_IRQHandler
                0x0000000008002f74                TIM1_BRK_IRQHandler
                0x0000000008002f74                EXTI1_IRQHandler
                0x0000000008002f74                RTCAlarm_IRQHandler
                0x0000000008002f74                DMA2_Channel4_5_IRQHandler
                0x0000000008002f74                I2C2_ER_IRQHandler
                0x0000000008002f74                DMA1_Channel2_IRQHandler
                0x0000000008002f74                TIM8_BRK_IRQHandler
                0x0000000008002f74                FLASH_IRQHandler
                0x0000000008002f74                BusFault_Handler
                0x0000000008002f74                SPI3_IRQHandler
                0x0000000008002f74                I2C1_ER_IRQHandler
                0x0000000008002f74                DMA2_Channel3_IRQHandler
 *fill*         0x0000000008002f76        0x2 
 .text.__libc_init_array
                0x0000000008002f78       0x48 c:/st/stm32cubeide_1.6.0/stm32cubeide/plugins/com.st.stm32cube.ide.mcu.externaltools.gnu-tools-for-stm32.10.3-2021.10.win32_1.0.0.202111181127/tools/bin/../lib/gcc/arm-none-eabi/10.3.1/../../../../arm-none-eabi/lib/thumb/v7-m/nofp\libc_nano.a(lib_a-init.o)
                0x0000000008002f78                __libc_init_array
 *(.glue_7)
 .glue_7        0x0000000008002fc0        0x0 linker stubs
 *(.glue_7t)
 .glue_7t       0x0000000008002fc0        0x0 linker stubs
 *(.eh_frame)
 .eh_frame      0x0000000008002fc0        0x0 c:/st/stm32cubeide_1.6.0/stm32cubeide/plugins/com.st.stm32cube.ide.mcu.externaltools.gnu-tools-for-stm32.10.3-2021.10.win32_1.0.0.202111181127/tools/bin/../lib/gcc/arm-none-eabi/10.3.1/thumb/v7-m/nofp/crtbegin.o
 *(.init)
 .init          0x0000000008002fc0        0x4 c:/st/stm32cubeide_1.6.0/stm32cubeide/plugins/com.st.stm32cube.ide.mcu.externaltools.gnu-tools-for-stm32.10.3-2021.10.win32_1.0.0.202111181127/tools/bin/../lib/gcc/arm-none-eabi/10.3.1/thumb/v7-m/nofp/crti.o
                0x0000000008002fc0                _init
 .init          0x0000000008002fc4        0x8 c:/st/stm32cubeide_1.6.0/stm32cubeide/plugins/com.st.stm32cube.ide.mcu.externaltools.gnu-tools-for-stm32.10.3-2021.10.win32_1.0.0.202111181127/tools/bin/../lib/gcc/arm-none-eabi/10.3.1/thumb/v7-m/nofp/crtn.o
 *(.fini)
 .fini          0x0000000008002fcc        0x4 c:/st/stm32cubeide_1.6.0/stm32cubeide/plugins/com.st.stm32cube.ide.mcu.externaltools.gnu-tools-for-stm32.10.3-2021.10.win32_1.0.0.202111181127/tools/bin/../lib/gcc/arm-none-eabi/10.3.1/thumb/v7-m/nofp/crti.o
                0x0000000008002fcc                _fini
 .fini          0x0000000008002fd0        0x8 c:/st/stm32cubeide_1.6.0/stm32cubeide/plugins/com.st.stm32cube.ide.mcu.externaltools.gnu-tools-for-stm32.10.3-2021.10.win32_1.0.0.202111181127/tools/bin/../lib/gcc/arm-none-eabi/10.3.1/thumb/v7-m/nofp/crtn.o
                0x0000000008002fd8                . = ALIGN (0x4)
                0x0000000008002fd8                _etext = .

.vfp11_veneer   0x0000000008002fd8        0x0
 .vfp11_veneer  0x0000000008002fd8        0x0 linker stubs

.v4_bx          0x0000000008002fd8        0x0
 .v4_bx         0x0000000008002fd8        0x0 linker stubs

.iplt           0x0000000008002fd8        0x0
 .iplt          0x0000000008002fd8        0x0 c:/st/stm32cubeide_1.6.0/stm32cubeide/plugins/com.st.stm32cube.ide.mcu.externaltools.gnu-tools-for-stm32.10.3-2021.10.win32_1.0.0.202111181127/tools/bin/../lib/gcc/arm-none-eabi/10.3.1/thumb/v7-m/nofp/crtbegin.o

.rodata         0x0000000008002fd8       0x28
                0x0000000008002fd8                . = ALIGN (0x4)
 *(.rodata)
 .rodata        0x0000000008002fd8       0x28 ./Src/main.o
 *(.rodata*)
                0x0000000008003000                . = ALIGN (0x4)

.rel.dyn        0x0000000008003000        0x0
 .rel.iplt      0x0000000008003000        0x0 c:/st/stm32cubeide_1.6.0/stm32cubeide/plugins/com.st.stm32cube.ide.mcu.externaltools.gnu-tools-for-stm32.10.3-2021.10.win32_1.0.0.202111181127/tools/bin/../lib/gcc/arm-none-eabi/10.3.1/thumb/v7-m/nofp/crtbegin.o

.ARM.extab      0x0000000008003000        0x0
                0x0000000008003000                . = ALIGN (0x4)
 *(.ARM.extab* .gnu.linkonce.armextab.*)
                0x0000000008003000                . = ALIGN (0x4)

.ARM            0x0000000008003000        0x0
                0x0000000008003000                . = ALIGN (0x4)
                0x0000000008003000                __exidx_start = .
 *(.ARM.exidx*)
                0x0000000008003000                __exidx_end = .
                0x0000000008003000                . = ALIGN (0x4)

.preinit_array  0x0000000008003000        0x0
                0x0000000008003000                . = ALIGN (0x4)
                0x0000000008003000                PROVIDE (__preinit_array_start = .)
 *(.preinit_array*)
                0x0000000008003000                PROVIDE (__preinit_array_end = .)
                0x0000000008003000                . = ALIGN (0x4)

.init_array     0x0000000008003000        0x4
                0x0000000008003000                . = ALIGN (0x4)
                0x0000000008003000                PROVIDE (__init_array_start = .)
 *(SORT_BY_NAME(.init_array.*))
 *(.init_array*)
 .init_array    0x0000000008003000        0x4 c:/st/stm32cubeide_1.6.0/stm32cubeide/plugins/com.st.stm32cube.ide.mcu.externaltools.gnu-tools-for-stm32.10.3-2021.10.win32_1.0.0.202111181127/tools/bin/../lib/gcc/arm-none-eabi/10.3.1/thumb/v7-m/nofp/crtbegin.o
                0x0000000008003004                PROVIDE (__init_array_end = .)
                0x0000000008003004                . = ALIGN (0x4)

.fini_array     0x0000000008003004        0x4
                0x0000000008003004                . = ALIGN (0x4)
                [!provide]                        PROVIDE (__fini_array_start = .)
 *(SORT_BY_NAME(.fini_array.*))
 *(.fini_array*)
 .fini_array    0x0000000008003004        0x4 c:/st/stm32cubeide_1.6.0/stm32cubeide/plugins/com.st.stm32cube.ide.mcu.externaltools.gnu-tools-for-stm32.10.3-2021.10.win32_1.0.0.202111181127/tools/bin/../lib/gcc/arm-none-eabi/10.3.1/thumb/v7-m/nofp/crtbegin.o
                [!provide]                        PROVIDE (__fini_array_end = .)
                0x0000000008003008                . = ALIGN (0x4)
                0x0000000008003008                _sidata = LOADADDR (.data)

.data           0x0000000020000000        0x0 load address 0x0000000008003008
                0x0000000020000000                . = ALIGN (0x4)
                0x0000000020000000                _sdata = .
 *(.data)
 *(.data*)
 *(.RamFunc)
 *(.RamFunc*)
                0x0000000020000000                . = ALIGN (0x4)
                0x0000000020000000                _edata = .

.igot.plt       0x0000000020000000        0x0 load address 0x0000000008003008
 .igot.plt      0x0000000020000000        0x0 c:/st/stm32cubeide_1.6.0/stm32cubeide/plugins/com.st.stm32cube.ide.mcu.externaltools.gnu-tools-for-stm32.10.3-2021.10.win32_1.0.0.202111181127/tools/bin/../lib/gcc/arm-none-eabi/10.3.1/thumb/v7-m/nofp/crtbegin.o
                0x0000000020000000                . = ALIGN (0x4)

.bss            0x0000000020000000       0x48 load address 0x0000000008003008
                0x0000000020000000                _sbss = .
                0x0000000020000000                __bss_start__ = _sbss
 *(.bss)
 .bss           0x0000000020000000       0x1c c:/st/stm32cubeide_1.6.0/stm32cubeide/plugins/com.st.stm32cube.ide.mcu.externaltools.gnu-tools-for-stm32.10.3-2021.10.win32_1.0.0.202111181127/tools/bin/../lib/gcc/arm-none-eabi/10.3.1/thumb/v7-m/nofp/crtbegin.o
 *(.bss*)
 .bss.MSTK_CALLBACK
                0x000000002000001c        0x4 ./Src/MSTK_program.o
 .bss.OneSysTickFired
                0x0000000020000020        0x1 ./Src/MSTK_program.o
                0x0000000020000020                OneSysTickFired
 *fill*         0x0000000020000021        0x3 
 .bss.MultiSysTickFired
                0x0000000020000024        0x4 ./Src/MSTK_program.o
                0x0000000020000024                MultiSysTickFired
 .bss.MUSART1_CallBack
                0x0000000020000028        0x4 ./Src/MUSART_program.o
                0x0000000020000028                MUSART1_CallBack
 .bss.MUSART2_CallBack
                0x000000002000002c        0x4 ./Src/MUSART_program.o
                0x000000002000002c                MUSART2_CallBack
 .bss.MUSART3_CallBack
                0x0000000020000030        0x4 ./Src/MUSART_program.o
                0x0000000020000030                MUSART3_CallBack
 .bss.DataString
                0x0000000020000034       0x14 ./Src/MUSART_program.o
                0x0000000020000034                DataString
 *(COMMON)
                0x0000000020000048                . = ALIGN (0x4)
                0x0000000020000048                _ebss = .
                0x0000000020000048                __bss_end__ = _ebss

._user_heap_stack
                0x0000000020000048      0x600 load address 0x0000000008003008
                0x0000000020000048                . = ALIGN (0x8)
                [!provide]                        PROVIDE (end = .)
                [!provide]                        PROVIDE (_end = .)
                0x0000000020000248                . = (. + _Min_Heap_Size)
 *fill*         0x0000000020000048      0x200 
                0x0000000020000648                . = (. + _Min_Stack_Size)
 *fill*         0x0000000020000248      0x400 
                0x0000000020000648                . = ALIGN (0x8)

/DISCARD/
 libc.a(*)
 libm.a(*)
 libgcc.a(*)

.ARM.attributes
                0x0000000000000000       0x29
 *(.ARM.attributes)
 .ARM.attributes
                0x0000000000000000       0x1d c:/st/stm32cubeide_1.6.0/stm32cubeide/plugins/com.st.stm32cube.ide.mcu.externaltools.gnu-tools-for-stm32.10.3-2021.10.win32_1.0.0.202111181127/tools/bin/../lib/gcc/arm-none-eabi/10.3.1/thumb/v7-m/nofp/crti.o
 .ARM.attributes
                0x000000000000001d       0x2d c:/st/stm32cubeide_1.6.0/stm32cubeide/plugins/com.st.stm32cube.ide.mcu.externaltools.gnu-tools-for-stm32.10.3-2021.10.win32_1.0.0.202111181127/tools/bin/../lib/gcc/arm-none-eabi/10.3.1/thumb/v7-m/nofp/crtbegin.o
 .ARM.attributes
                0x000000000000004a       0x2d ./Src/MGPIO_program.o
 .ARM.attributes
                0x0000000000000077       0x2d ./Src/MNVIC_program.o
 .ARM.attributes
                0x00000000000000a4       0x2d ./Src/MRCC_program.o
 .ARM.attributes
                0x00000000000000d1       0x2d ./Src/MSTK_program.o
 .ARM.attributes
                0x00000000000000fe       0x2d ./Src/MUSART_program.o
 .ARM.attributes
                0x000000000000012b       0x2d ./Src/main.o
 .ARM.attributes
                0x0000000000000158       0x21 ./Startup/startup_stm32f103c8tx.o
 .ARM.attributes
                0x0000000000000179       0x2d c:/st/stm32cubeide_1.6.0/stm32cubeide/plugins/com.st.stm32cube.ide.mcu.externaltools.gnu-tools-for-stm32.10.3-2021.10.win32_1.0.0.202111181127/tools/bin/../lib/gcc/arm-none-eabi/10.3.1/../../../../arm-none-eabi/lib/thumb/v7-m/nofp\libc_nano.a(lib_a-init.o)
 .ARM.attributes
                0x00000000000001a6       0x1b c:/st/stm32cubeide_1.6.0/stm32cubeide/plugins/com.st.stm32cube.ide.mcu.externaltools.gnu-tools-for-stm32.10.3-2021.10.win32_1.0.0.202111181127/tools/bin/../lib/gcc/arm-none-eabi/10.3.1/../../../../arm-none-eabi/lib/thumb/v7-m/nofp\libc_nano.a(lib_a-strcmp.o)
 .ARM.attributes
                0x00000000000001c1       0x1d c:/st/stm32cubeide_1.6.0/stm32cubeide/plugins/com.st.stm32cube.ide.mcu.externaltools.gnu-tools-for-stm32.10.3-2021.10.win32_1.0.0.202111181127/tools/bin/../lib/gcc/arm-none-eabi/10.3.1/thumb/v7-m/nofp/crtn.o
OUTPUT(IMT_USART.elf elf32-littlearm)
LOAD linker stubs
LOAD c:/st/stm32cubeide_1.6.0/stm32cubeide/plugins/com.st.stm32cube.ide.mcu.externaltools.gnu-tools-for-stm32.10.3-2021.10.win32_1.0.0.202111181127/tools/bin/../lib/gcc/arm-none-eabi/10.3.1/../../../../arm-none-eabi/lib/thumb/v7-m/nofp\libc.a
LOAD c:/st/stm32cubeide_1.6.0/stm32cubeide/plugins/com.st.stm32cube.ide.mcu.externaltools.gnu-tools-for-stm32.10.3-2021.10.win32_1.0.0.202111181127/tools/bin/../lib/gcc/arm-none-eabi/10.3.1/../../../../arm-none-eabi/lib/thumb/v7-m/nofp\libm.a
LOAD c:/st/stm32cubeide_1.6.0/stm32cubeide/plugins/com.st.stm32cube.ide.mcu.externaltools.gnu-tools-for-stm32.10.3-2021.10.win32_1.0.0.202111181127/tools/bin/../lib/gcc/arm-none-eabi/10.3.1/thumb/v7-m/nofp\libgcc.a

.debug_info     0x0000000000000000     0x1b98
 .debug_info    0x0000000000000000      0x950 ./Src/MGPIO_program.o
 .debug_info    0x0000000000000950      0x289 ./Src/MNVIC_program.o
 .debug_info    0x0000000000000bd9      0x5fd ./Src/MRCC_program.o
 .debug_info    0x00000000000011d6      0x216 ./Src/MSTK_program.o
 .debug_info    0x00000000000013ec      0x3e1 ./Src/MUSART_program.o
 .debug_info    0x00000000000017cd      0x3a9 ./Src/main.o
 .debug_info    0x0000000000001b76       0x22 ./Startup/startup_stm32f103c8tx.o

.debug_abbrev   0x0000000000000000      0x7d0
 .debug_abbrev  0x0000000000000000      0x1be ./Src/MGPIO_program.o
 .debug_abbrev  0x00000000000001be       0xef ./Src/MNVIC_program.o
 .debug_abbrev  0x00000000000002ad       0xfd ./Src/MRCC_program.o
 .debug_abbrev  0x00000000000003aa      0x11a ./Src/MSTK_program.o
 .debug_abbrev  0x00000000000004c4      0x19c ./Src/MUSART_program.o
 .debug_abbrev  0x0000000000000660      0x15e ./Src/main.o
 .debug_abbrev  0x00000000000007be       0x12 ./Startup/startup_stm32f103c8tx.o

.debug_aranges  0x0000000000000000      0x220
 .debug_aranges
                0x0000000000000000       0x78 ./Src/MGPIO_program.o
 .debug_aranges
                0x0000000000000078       0x48 ./Src/MNVIC_program.o
 .debug_aranges
                0x00000000000000c0       0x50 ./Src/MRCC_program.o
 .debug_aranges
                0x0000000000000110       0x58 ./Src/MSTK_program.o
 .debug_aranges
                0x0000000000000168       0x70 ./Src/MUSART_program.o
 .debug_aranges
                0x00000000000001d8       0x20 ./Src/main.o
 .debug_aranges
                0x00000000000001f8       0x28 ./Startup/startup_stm32f103c8tx.o

.debug_ranges   0x0000000000000000      0x1b8
 .debug_ranges  0x0000000000000000       0x68 ./Src/MGPIO_program.o
 .debug_ranges  0x0000000000000068       0x38 ./Src/MNVIC_program.o
 .debug_ranges  0x00000000000000a0       0x40 ./Src/MRCC_program.o
 .debug_ranges  0x00000000000000e0       0x48 ./Src/MSTK_program.o
 .debug_ranges  0x0000000000000128       0x60 ./Src/MUSART_program.o
 .debug_ranges  0x0000000000000188       0x10 ./Src/main.o
 .debug_ranges  0x0000000000000198       0x20 ./Startup/startup_stm32f103c8tx.o

.debug_macro    0x0000000000000000     0x12c5
 .debug_macro   0x0000000000000000       0x41 ./Src/MGPIO_program.o
 .debug_macro   0x0000000000000041       0x2e ./Src/MGPIO_program.o
 .debug_macro   0x000000000000006f       0x41 ./Src/MNVIC_program.o
 .debug_macro   0x00000000000000b0       0x3a ./Src/MNVIC_program.o
 .debug_macro   0x00000000000000ea       0x40 ./Src/MRCC_program.o
 .debug_macro   0x000000000000012a       0x16 ./Src/MRCC_program.o
 .debug_macro   0x0000000000000140       0x22 ./Src/MRCC_program.o
 .debug_macro   0x0000000000000162       0x40 ./Src/MSTK_program.o
 .debug_macro   0x00000000000001a2       0x22 ./Src/MSTK_program.o
 .debug_macro   0x00000000000001c4       0x16 ./Src/MSTK_program.o
 .debug_macro   0x00000000000001da       0x47 ./Src/MUSART_program.o
 .debug_macro   0x0000000000000221       0x46 ./Src/MUSART_program.o
 .debug_macro   0x0000000000000267      0x226 ./Src/main.o
 .debug_macro   0x000000000000048d       0x22 ./Src/main.o
 .debug_macro   0x00000000000004af       0x4c ./Src/main.o
 .debug_macro   0x00000000000004fb       0x18 ./Src/main.o
 .debug_macro   0x0000000000000513       0x94 ./Src/main.o
 .debug_macro   0x00000000000005a7       0x3c ./Src/main.o
 .debug_macro   0x00000000000005e3       0x34 ./Src/main.o
 .debug_macro   0x0000000000000617       0x16 ./Src/main.o
 .debug_macro   0x000000000000062d       0x57 ./Src/main.o
 .debug_macro   0x0000000000000684       0x97 ./Src/main.o
 .debug_macro   0x000000000000071b      0x341 ./Src/main.o
 .debug_macro   0x0000000000000a5c       0xfd ./Src/main.o
 .debug_macro   0x0000000000000b59       0x10 ./Src/main.o
 .debug_macro   0x0000000000000b69       0x16 ./Src/main.o
 .debug_macro   0x0000000000000b7f       0x43 ./Src/main.o
 .debug_macro   0x0000000000000bc2       0x34 ./Src/main.o
 .debug_macro   0x0000000000000bf6       0x10 ./Src/main.o
 .debug_macro   0x0000000000000c06       0x58 ./Src/main.o
 .debug_macro   0x0000000000000c5e       0x71 ./Src/main.o
 .debug_macro   0x0000000000000ccf       0x1c ./Src/main.o
 .debug_macro   0x0000000000000ceb      0x12a ./Src/main.o
 .debug_macro   0x0000000000000e15       0x10 ./Src/main.o
 .debug_macro   0x0000000000000e25       0x6a ./Src/main.o
 .debug_macro   0x0000000000000e8f       0x1c ./Src/main.o
 .debug_macro   0x0000000000000eab       0x52 ./Src/main.o
 .debug_macro   0x0000000000000efd       0x22 ./Src/main.o
 .debug_macro   0x0000000000000f1f       0x10 ./Src/main.o
 .debug_macro   0x0000000000000f2f       0x52 ./Src/main.o
 .debug_macro   0x0000000000000f81       0xd5 ./Src/main.o
 .debug_macro   0x0000000000001056       0x1c ./Src/main.o
 .debug_macro   0x0000000000001072       0x3d ./Src/main.o
 .debug_macro   0x00000000000010af       0x16 ./Src/main.o
 .debug_macro   0x00000000000010c5      0x145 ./Src/main.o
 .debug_macro   0x000000000000120a       0x16 ./Src/main.o
 .debug_macro   0x0000000000001220       0x35 ./Src/main.o
 .debug_macro   0x0000000000001255       0x20 ./Src/main.o
 .debug_macro   0x0000000000001275       0x2e ./Src/main.o
 .debug_macro   0x00000000000012a3       0x22 ./Src/main.o

.debug_line     0x0000000000000000     0x176b
 .debug_line    0x0000000000000000      0x940 ./Src/MGPIO_program.o
 .debug_line    0x0000000000000940      0x1ec ./Src/MNVIC_program.o
 .debug_line    0x0000000000000b2c      0x13d ./Src/MRCC_program.o
 .debug_line    0x0000000000000c69      0x209 ./Src/MSTK_program.o
 .debug_line    0x0000000000000e72      0x235 ./Src/MUSART_program.o
 .debug_line    0x00000000000010a7      0x640 ./Src/main.o
 .debug_line    0x00000000000016e7       0x84 ./Startup/startup_stm32f103c8tx.o

.debug_str      0x0000000000000000     0x90e0
 .debug_str     0x0000000000000000     0x3703 ./Src/MGPIO_program.o
                                       0x3760 (size before relaxing)
 .debug_str     0x0000000000003703      0x353 ./Src/MNVIC_program.o
                                       0x3242 (size before relaxing)
 .debug_str     0x0000000000003a56      0xa16 ./Src/MRCC_program.o
                                       0x3914 (size before relaxing)
 .debug_str     0x000000000000446c      0x222 ./Src/MSTK_program.o
                                       0x3104 (size before relaxing)
 .debug_str     0x000000000000468e      0x456 ./Src/MUSART_program.o
                                       0x3345 (size before relaxing)
 .debug_str     0x0000000000004ae4     0x45cb ./Src/main.o
                                       0x7a7f (size before relaxing)
 .debug_str     0x00000000000090af       0x31 ./Startup/startup_stm32f103c8tx.o
                                         0x5f (size before relaxing)

.comment        0x0000000000000000       0x50
 .comment       0x0000000000000000       0x50 ./Src/MGPIO_program.o
                                         0x51 (size before relaxing)
 .comment       0x0000000000000050       0x51 ./Src/MNVIC_program.o
 .comment       0x0000000000000050       0x51 ./Src/MRCC_program.o
 .comment       0x0000000000000050       0x51 ./Src/MSTK_program.o
 .comment       0x0000000000000050       0x51 ./Src/MUSART_program.o
 .comment       0x0000000000000050       0x51 ./Src/main.o

.debug_frame    0x0000000000000000      0x76c
 .debug_frame   0x0000000000000000      0x208 ./Src/MGPIO_program.o
 .debug_frame   0x0000000000000208      0x100 ./Src/MNVIC_program.o
 .debug_frame   0x0000000000000308      0x120 ./Src/MRCC_program.o
 .debug_frame   0x0000000000000428      0x134 ./Src/MSTK_program.o
 .debug_frame   0x000000000000055c      0x194 ./Src/MUSART_program.o
 .debug_frame   0x00000000000006f0       0x30 ./Src/main.o
 .debug_frame   0x0000000000000720       0x2c c:/st/stm32cubeide_1.6.0/stm32cubeide/plugins/com.st.stm32cube.ide.mcu.externaltools.gnu-tools-for-stm32.10.3-2021.10.win32_1.0.0.202111181127/tools/bin/../lib/gcc/arm-none-eabi/10.3.1/../../../../arm-none-eabi/lib/thumb/v7-m/nofp\libc_nano.a(lib_a-init.o)
 .debug_frame   0x000000000000074c       0x20 c:/st/stm32cubeide_1.6.0/stm32cubeide/plugins/com.st.stm32cube.ide.mcu.externaltools.gnu-tools-for-stm32.10.3-2021.10.win32_1.0.0.202111181127/tools/bin/../lib/gcc/arm-none-eabi/10.3.1/../../../../arm-none-eabi/lib/thumb/v7-m/nofp\libc_nano.a(lib_a-strcmp.o)
