../Src/MDMA_program.c:29:6:MDMA_voidCHSelect	16	static
../Src/MDMA_program.c:82:6:MDMA_voidCHannelInit	4	static
../Src/MDMA_program.c:113:6:MDMA_voidCHannelStart	24	static
../Src/MDMA_program.c:129:6:MDMA_VoidSetCallBackCH1	16	static
../Src/MDMA_program.c:134:6:DMA1_Channel1_IRQHandler	8	static
../Src/MDMA_program.c:147:6:MDMA_VoidSetCallBackCH2	16	static
../Src/MDMA_program.c:153:6:DMA1_Channel2_IRQHandler	8	static
../Src/MDMA_program.c:166:6:MDMA_VoidSetCallBackCH3	16	static
../Src/MDMA_program.c:171:6:DMA1_Channel3_IRQHandler	8	static
../Src/MDMA_program.c:184:6:MDMA_VoidSetCallBackCH4	16	static
../Src/MDMA_program.c:189:6:DMA1_Channel4_IRQHandler	8	static
../Src/MDMA_program.c:202:6:MDMA_VoidSetCallBackCH5	16	static
../Src/MDMA_program.c:207:6:DMA1_Channel5_IRQHandler	8	static
../Src/MDMA_program.c:220:6:MDMA_VoidSetCallBackCH6	16	static
../Src/MDMA_program.c:225:6:DMA1_Channel6_IRQHandler	8	static
../Src/MDMA_program.c:237:6:MDMA_VoidSetCallBackCH7	16	static
../Src/MDMA_program.c:242:6:DMA1_Channel7_IRQHandler	8	static
