Archive member included to satisfy reference by file (symbol)

c:/st/stm32cubeide_1.6.0/stm32cubeide/plugins/com.st.stm32cube.ide.mcu.externaltools.gnu-tools-for-stm32.10.3-2021.10.win32_1.0.0.202111181127/tools/bin/../lib/gcc/arm-none-eabi/10.3.1/../../../../arm-none-eabi/lib/thumb/v7-m/nofp\libc_nano.a(lib_a-exit.o)
                              c:/st/stm32cubeide_1.6.0/stm32cubeide/plugins/com.st.stm32cube.ide.mcu.externaltools.gnu-tools-for-stm32.10.3-2021.10.win32_1.0.0.202111181127/tools/bin/../lib/gcc/arm-none-eabi/10.3.1/../../../../arm-none-eabi/lib/thumb/v7-m/nofp/crt0.o (exit)
c:/st/stm32cubeide_1.6.0/stm32cubeide/plugins/com.st.stm32cube.ide.mcu.externaltools.gnu-tools-for-stm32.10.3-2021.10.win32_1.0.0.202111181127/tools/bin/../lib/gcc/arm-none-eabi/10.3.1/../../../../arm-none-eabi/lib/thumb/v7-m/nofp\libc_nano.a(lib_a-impure.o)
                              c:/st/stm32cubeide_1.6.0/stm32cubeide/plugins/com.st.stm32cube.ide.mcu.externaltools.gnu-tools-for-stm32.10.3-2021.10.win32_1.0.0.202111181127/tools/bin/../lib/gcc/arm-none-eabi/10.3.1/../../../../arm-none-eabi/lib/thumb/v7-m/nofp\libc_nano.a(lib_a-exit.o) (_global_impure_ptr)
c:/st/stm32cubeide_1.6.0/stm32cubeide/plugins/com.st.stm32cube.ide.mcu.externaltools.gnu-tools-for-stm32.10.3-2021.10.win32_1.0.0.202111181127/tools/bin/../lib/gcc/arm-none-eabi/10.3.1/../../../../arm-none-eabi/lib/thumb/v7-m/nofp\libc_nano.a(lib_a-init.o)
                              c:/st/stm32cubeide_1.6.0/stm32cubeide/plugins/com.st.stm32cube.ide.mcu.externaltools.gnu-tools-for-stm32.10.3-2021.10.win32_1.0.0.202111181127/tools/bin/../lib/gcc/arm-none-eabi/10.3.1/../../../../arm-none-eabi/lib/thumb/v7-m/nofp/crt0.o (__libc_init_array)
c:/st/stm32cubeide_1.6.0/stm32cubeide/plugins/com.st.stm32cube.ide.mcu.externaltools.gnu-tools-for-stm32.10.3-2021.10.win32_1.0.0.202111181127/tools/bin/../lib/gcc/arm-none-eabi/10.3.1/../../../../arm-none-eabi/lib/thumb/v7-m/nofp\libc_nano.a(lib_a-memset.o)
                              c:/st/stm32cubeide_1.6.0/stm32cubeide/plugins/com.st.stm32cube.ide.mcu.externaltools.gnu-tools-for-stm32.10.3-2021.10.win32_1.0.0.202111181127/tools/bin/../lib/gcc/arm-none-eabi/10.3.1/../../../../arm-none-eabi/lib/thumb/v7-m/nofp/crt0.o (memset)
c:/st/stm32cubeide_1.6.0/stm32cubeide/plugins/com.st.stm32cube.ide.mcu.externaltools.gnu-tools-for-stm32.10.3-2021.10.win32_1.0.0.202111181127/tools/bin/../lib/gcc/arm-none-eabi/10.3.1/../../../../arm-none-eabi/lib/thumb/v7-m/nofp\libnosys.a(_exit.o)
                              c:/st/stm32cubeide_1.6.0/stm32cubeide/plugins/com.st.stm32cube.ide.mcu.externaltools.gnu-tools-for-stm32.10.3-2021.10.win32_1.0.0.202111181127/tools/bin/../lib/gcc/arm-none-eabi/10.3.1/../../../../arm-none-eabi/lib/thumb/v7-m/nofp\libc_nano.a(lib_a-exit.o) (_exit)

Discarded input sections

 .text          0x0000000000000000        0x0 c:/st/stm32cubeide_1.6.0/stm32cubeide/plugins/com.st.stm32cube.ide.mcu.externaltools.gnu-tools-for-stm32.10.3-2021.10.win32_1.0.0.202111181127/tools/bin/../lib/gcc/arm-none-eabi/10.3.1/thumb/v7-m/nofp/crti.o
 .data          0x0000000000000000        0x0 c:/st/stm32cubeide_1.6.0/stm32cubeide/plugins/com.st.stm32cube.ide.mcu.externaltools.gnu-tools-for-stm32.10.3-2021.10.win32_1.0.0.202111181127/tools/bin/../lib/gcc/arm-none-eabi/10.3.1/thumb/v7-m/nofp/crti.o
 .bss           0x0000000000000000        0x0 c:/st/stm32cubeide_1.6.0/stm32cubeide/plugins/com.st.stm32cube.ide.mcu.externaltools.gnu-tools-for-stm32.10.3-2021.10.win32_1.0.0.202111181127/tools/bin/../lib/gcc/arm-none-eabi/10.3.1/thumb/v7-m/nofp/crti.o
 .data          0x0000000000000000        0x4 c:/st/stm32cubeide_1.6.0/stm32cubeide/plugins/com.st.stm32cube.ide.mcu.externaltools.gnu-tools-for-stm32.10.3-2021.10.win32_1.0.0.202111181127/tools/bin/../lib/gcc/arm-none-eabi/10.3.1/thumb/v7-m/nofp/crtbegin.o
 .rodata        0x0000000000000000       0x24 c:/st/stm32cubeide_1.6.0/stm32cubeide/plugins/com.st.stm32cube.ide.mcu.externaltools.gnu-tools-for-stm32.10.3-2021.10.win32_1.0.0.202111181127/tools/bin/../lib/gcc/arm-none-eabi/10.3.1/thumb/v7-m/nofp/crtbegin.o
 .text          0x0000000000000000       0x7c c:/st/stm32cubeide_1.6.0/stm32cubeide/plugins/com.st.stm32cube.ide.mcu.externaltools.gnu-tools-for-stm32.10.3-2021.10.win32_1.0.0.202111181127/tools/bin/../lib/gcc/arm-none-eabi/10.3.1/../../../../arm-none-eabi/lib/thumb/v7-m/nofp/crt0.o
 .data          0x0000000000000000        0x0 c:/st/stm32cubeide_1.6.0/stm32cubeide/plugins/com.st.stm32cube.ide.mcu.externaltools.gnu-tools-for-stm32.10.3-2021.10.win32_1.0.0.202111181127/tools/bin/../lib/gcc/arm-none-eabi/10.3.1/../../../../arm-none-eabi/lib/thumb/v7-m/nofp/crt0.o
 .bss           0x0000000000000000        0x0 c:/st/stm32cubeide_1.6.0/stm32cubeide/plugins/com.st.stm32cube.ide.mcu.externaltools.gnu-tools-for-stm32.10.3-2021.10.win32_1.0.0.202111181127/tools/bin/../lib/gcc/arm-none-eabi/10.3.1/../../../../arm-none-eabi/lib/thumb/v7-m/nofp/crt0.o
 .ARM.extab     0x0000000000000000        0x0 c:/st/stm32cubeide_1.6.0/stm32cubeide/plugins/com.st.stm32cube.ide.mcu.externaltools.gnu-tools-for-stm32.10.3-2021.10.win32_1.0.0.202111181127/tools/bin/../lib/gcc/arm-none-eabi/10.3.1/../../../../arm-none-eabi/lib/thumb/v7-m/nofp/crt0.o
 .ARM.exidx     0x0000000000000000       0x10 c:/st/stm32cubeide_1.6.0/stm32cubeide/plugins/com.st.stm32cube.ide.mcu.externaltools.gnu-tools-for-stm32.10.3-2021.10.win32_1.0.0.202111181127/tools/bin/../lib/gcc/arm-none-eabi/10.3.1/../../../../arm-none-eabi/lib/thumb/v7-m/nofp/crt0.o
 .ARM.attributes
                0x0000000000000000       0x1b c:/st/stm32cubeide_1.6.0/stm32cubeide/plugins/com.st.stm32cube.ide.mcu.externaltools.gnu-tools-for-stm32.10.3-2021.10.win32_1.0.0.202111181127/tools/bin/../lib/gcc/arm-none-eabi/10.3.1/../../../../arm-none-eabi/lib/thumb/v7-m/nofp/crt0.o
 .group         0x0000000000000000        0xc ./Src/MDMA_program.o
 .group         0x0000000000000000        0xc ./Src/MDMA_program.o
 .group         0x0000000000000000        0xc ./Src/MDMA_program.o
 .text          0x0000000000000000        0x0 ./Src/MDMA_program.o
 .data          0x0000000000000000        0x0 ./Src/MDMA_program.o
 .bss           0x0000000000000000        0x0 ./Src/MDMA_program.o
 .text.MDMA_VoidSetCallBackCH1
                0x0000000000000000       0x1c ./Src/MDMA_program.o
 .text.MDMA_VoidSetCallBackCH3
                0x0000000000000000       0x1c ./Src/MDMA_program.o
 .text.MDMA_VoidSetCallBackCH4
                0x0000000000000000       0x1c ./Src/MDMA_program.o
 .text.MDMA_VoidSetCallBackCH6
                0x0000000000000000       0x1c ./Src/MDMA_program.o
 .text.MDMA_VoidSetCallBackCH7
                0x0000000000000000       0x1c ./Src/MDMA_program.o
 .group         0x0000000000000000        0xc ./Src/MGPIO_program.o
 .group         0x0000000000000000        0xc ./Src/MGPIO_program.o
 .group         0x0000000000000000        0xc ./Src/MGPIO_program.o
 .text          0x0000000000000000        0x0 ./Src/MGPIO_program.o
 .data          0x0000000000000000        0x0 ./Src/MGPIO_program.o
 .bss           0x0000000000000000        0x0 ./Src/MGPIO_program.o
 .text.MGPIO_u8GetPinValue
                0x0000000000000000       0x7c ./Src/MGPIO_program.o
 .debug_macro   0x0000000000000000      0xa72 ./Src/MGPIO_program.o
 .debug_macro   0x0000000000000000       0x58 ./Src/MGPIO_program.o
 .group         0x0000000000000000        0xc ./Src/MNVIC_program.o
 .group         0x0000000000000000        0xc ./Src/MNVIC_program.o
 .group         0x0000000000000000        0xc ./Src/MNVIC_program.o
 .text          0x0000000000000000        0x0 ./Src/MNVIC_program.o
 .data          0x0000000000000000        0x0 ./Src/MNVIC_program.o
 .bss           0x0000000000000000        0x0 ./Src/MNVIC_program.o
 .text.MNVIC_voidClearEnableINT
                0x0000000000000000       0x7c ./Src/MNVIC_program.o
 .text.MNVIC_voidSetPendingFlagINT
                0x0000000000000000       0x7c ./Src/MNVIC_program.o
 .text.MNVIC_voidClearPendingFlagINT
                0x0000000000000000       0x7c ./Src/MNVIC_program.o
 .text.MNVIC_u8GetActiveBitFlagINT
                0x0000000000000000       0x7c ./Src/MNVIC_program.o
 .text.MNVIC_voidSetPriorityINT
                0x0000000000000000       0x50 ./Src/MNVIC_program.o
 .debug_macro   0x0000000000000000      0xa72 ./Src/MNVIC_program.o
 .debug_macro   0x0000000000000000       0x58 ./Src/MNVIC_program.o
 .group         0x0000000000000000        0xc ./Src/MRCC_program.o
 .group         0x0000000000000000        0xc ./Src/MRCC_program.o
 .group         0x0000000000000000        0xc ./Src/MRCC_program.o
 .group         0x0000000000000000        0xc ./Src/MRCC_program.o
 .text          0x0000000000000000        0x0 ./Src/MRCC_program.o
 .data          0x0000000000000000        0x0 ./Src/MRCC_program.o
 .bss           0x0000000000000000        0x0 ./Src/MRCC_program.o
 .text.MRCC_voidEnableAPB1Clk
                0x0000000000000000       0x2c ./Src/MRCC_program.o
 .text.MRCC_voidDisableAHBClk
                0x0000000000000000       0x30 ./Src/MRCC_program.o
 .text.MRCC_voidDisableAPB2Clk
                0x0000000000000000       0x30 ./Src/MRCC_program.o
 .text.MRCC_voidDisableAPB1Clk
                0x0000000000000000       0x30 ./Src/MRCC_program.o
 .debug_macro   0x0000000000000000      0xa72 ./Src/MRCC_program.o
 .debug_macro   0x0000000000000000       0x58 ./Src/MRCC_program.o
 .group         0x0000000000000000        0xc ./Src/MSCB_program.o
 .group         0x0000000000000000        0xc ./Src/MSCB_program.o
 .group         0x0000000000000000        0xc ./Src/MSCB_program.o
 .group         0x0000000000000000        0xc ./Src/MSCB_program.o
 .group         0x0000000000000000        0xc ./Src/MSCB_program.o
 .text          0x0000000000000000        0x0 ./Src/MSCB_program.o
 .data          0x0000000000000000        0x0 ./Src/MSCB_program.o
 .bss           0x0000000000000000        0x0 ./Src/MSCB_program.o
 .text.MSCB_voidSetPriorityGroupControl
                0x0000000000000000       0x1c ./Src/MSCB_program.o
 .text.MSCB_voidEnableUnprivilegedSW
                0x0000000000000000       0x1c ./Src/MSCB_program.o
 .debug_info    0x0000000000000000      0x148 ./Src/MSCB_program.o
 .debug_abbrev  0x0000000000000000       0x81 ./Src/MSCB_program.o
 .debug_aranges
                0x0000000000000000       0x28 ./Src/MSCB_program.o
 .debug_ranges  0x0000000000000000       0x18 ./Src/MSCB_program.o
 .debug_macro   0x0000000000000000       0x3f ./Src/MSCB_program.o
 .debug_macro   0x0000000000000000      0xa72 ./Src/MSCB_program.o
 .debug_macro   0x0000000000000000       0x58 ./Src/MSCB_program.o
 .debug_macro   0x0000000000000000       0x2e ./Src/MSCB_program.o
 .debug_macro   0x0000000000000000       0x16 ./Src/MSCB_program.o
 .debug_macro   0x0000000000000000       0x10 ./Src/MSCB_program.o
 .debug_line    0x0000000000000000       0xc2 ./Src/MSCB_program.o
 .debug_str     0x0000000000000000     0x311a ./Src/MSCB_program.o
 .comment       0x0000000000000000       0x51 ./Src/MSCB_program.o
 .debug_frame   0x0000000000000000       0x50 ./Src/MSCB_program.o
 .ARM.attributes
                0x0000000000000000       0x2d ./Src/MSCB_program.o
 .group         0x0000000000000000        0xc ./Src/SYSTICK_PROG.o
 .group         0x0000000000000000        0xc ./Src/SYSTICK_PROG.o
 .group         0x0000000000000000        0xc ./Src/SYSTICK_PROG.o
 .group         0x0000000000000000        0xc ./Src/SYSTICK_PROG.o
 .text          0x0000000000000000        0x0 ./Src/SYSTICK_PROG.o
 .data          0x0000000000000000        0x0 ./Src/SYSTICK_PROG.o
 .bss           0x0000000000000000        0x0 ./Src/SYSTICK_PROG.o
 .text.MSTK_VidSetCallBack
                0x0000000000000000       0x1c ./Src/SYSTICK_PROG.o
 .text.MSTK_VidStart
                0x0000000000000000       0x30 ./Src/SYSTICK_PROG.o
 .text.MSTK_VidINTStatus
                0x0000000000000000       0x34 ./Src/SYSTICK_PROG.o
 .text.MSTK_u8ReadFlag
                0x0000000000000000       0x20 ./Src/SYSTICK_PROG.o
 .text.MSTK_u32GetCounterValue
                0x0000000000000000       0x14 ./Src/SYSTICK_PROG.o
 .text.MSTK_VidStop
                0x0000000000000000       0x1c ./Src/SYSTICK_PROG.o
 .debug_macro   0x0000000000000000      0xa72 ./Src/SYSTICK_PROG.o
 .debug_macro   0x0000000000000000       0x58 ./Src/SYSTICK_PROG.o
 .group         0x0000000000000000        0xc ./Src/main.o
 .group         0x0000000000000000        0xc ./Src/main.o
 .group         0x0000000000000000        0xc ./Src/main.o
 .group         0x0000000000000000        0xc ./Src/main.o
 .text          0x0000000000000000        0x0 ./Src/main.o
 .data          0x0000000000000000        0x0 ./Src/main.o
 .bss           0x0000000000000000        0x0 ./Src/main.o
 .debug_macro   0x0000000000000000      0xa72 ./Src/main.o
 .debug_macro   0x0000000000000000       0x58 ./Src/main.o
 .debug_macro   0x0000000000000000       0x16 ./Src/main.o
 .text          0x0000000000000000       0x14 ./Startup/startup_stm32f103c8tx.o
 .data          0x0000000000000000        0x0 ./Startup/startup_stm32f103c8tx.o
 .bss           0x0000000000000000        0x0 ./Startup/startup_stm32f103c8tx.o
 .text          0x0000000000000000        0x0 c:/st/stm32cubeide_1.6.0/stm32cubeide/plugins/com.st.stm32cube.ide.mcu.externaltools.gnu-tools-for-stm32.10.3-2021.10.win32_1.0.0.202111181127/tools/bin/../lib/gcc/arm-none-eabi/10.3.1/../../../../arm-none-eabi/lib/thumb/v7-m/nofp\libc_nano.a(lib_a-exit.o)
 .data          0x0000000000000000        0x0 c:/st/stm32cubeide_1.6.0/stm32cubeide/plugins/com.st.stm32cube.ide.mcu.externaltools.gnu-tools-for-stm32.10.3-2021.10.win32_1.0.0.202111181127/tools/bin/../lib/gcc/arm-none-eabi/10.3.1/../../../../arm-none-eabi/lib/thumb/v7-m/nofp\libc_nano.a(lib_a-exit.o)
 .bss           0x0000000000000000        0x0 c:/st/stm32cubeide_1.6.0/stm32cubeide/plugins/com.st.stm32cube.ide.mcu.externaltools.gnu-tools-for-stm32.10.3-2021.10.win32_1.0.0.202111181127/tools/bin/../lib/gcc/arm-none-eabi/10.3.1/../../../../arm-none-eabi/lib/thumb/v7-m/nofp\libc_nano.a(lib_a-exit.o)
 .text.exit     0x0000000000000000       0x28 c:/st/stm32cubeide_1.6.0/stm32cubeide/plugins/com.st.stm32cube.ide.mcu.externaltools.gnu-tools-for-stm32.10.3-2021.10.win32_1.0.0.202111181127/tools/bin/../lib/gcc/arm-none-eabi/10.3.1/../../../../arm-none-eabi/lib/thumb/v7-m/nofp\libc_nano.a(lib_a-exit.o)
 .debug_frame   0x0000000000000000       0x28 c:/st/stm32cubeide_1.6.0/stm32cubeide/plugins/com.st.stm32cube.ide.mcu.externaltools.gnu-tools-for-stm32.10.3-2021.10.win32_1.0.0.202111181127/tools/bin/../lib/gcc/arm-none-eabi/10.3.1/../../../../arm-none-eabi/lib/thumb/v7-m/nofp\libc_nano.a(lib_a-exit.o)
 .ARM.attributes
                0x0000000000000000       0x2d c:/st/stm32cubeide_1.6.0/stm32cubeide/plugins/com.st.stm32cube.ide.mcu.externaltools.gnu-tools-for-stm32.10.3-2021.10.win32_1.0.0.202111181127/tools/bin/../lib/gcc/arm-none-eabi/10.3.1/../../../../arm-none-eabi/lib/thumb/v7-m/nofp\libc_nano.a(lib_a-exit.o)
 .text          0x0000000000000000        0x0 c:/st/stm32cubeide_1.6.0/stm32cubeide/plugins/com.st.stm32cube.ide.mcu.externaltools.gnu-tools-for-stm32.10.3-2021.10.win32_1.0.0.202111181127/tools/bin/../lib/gcc/arm-none-eabi/10.3.1/../../../../arm-none-eabi/lib/thumb/v7-m/nofp\libc_nano.a(lib_a-impure.o)
 .data          0x0000000000000000        0x0 c:/st/stm32cubeide_1.6.0/stm32cubeide/plugins/com.st.stm32cube.ide.mcu.externaltools.gnu-tools-for-stm32.10.3-2021.10.win32_1.0.0.202111181127/tools/bin/../lib/gcc/arm-none-eabi/10.3.1/../../../../arm-none-eabi/lib/thumb/v7-m/nofp\libc_nano.a(lib_a-impure.o)
 .bss           0x0000000000000000        0x0 c:/st/stm32cubeide_1.6.0/stm32cubeide/plugins/com.st.stm32cube.ide.mcu.externaltools.gnu-tools-for-stm32.10.3-2021.10.win32_1.0.0.202111181127/tools/bin/../lib/gcc/arm-none-eabi/10.3.1/../../../../arm-none-eabi/lib/thumb/v7-m/nofp\libc_nano.a(lib_a-impure.o)
 .data._impure_ptr
                0x0000000000000000        0x4 c:/st/stm32cubeide_1.6.0/stm32cubeide/plugins/com.st.stm32cube.ide.mcu.externaltools.gnu-tools-for-stm32.10.3-2021.10.win32_1.0.0.202111181127/tools/bin/../lib/gcc/arm-none-eabi/10.3.1/../../../../arm-none-eabi/lib/thumb/v7-m/nofp\libc_nano.a(lib_a-impure.o)
 .data.impure_data
                0x0000000000000000       0x60 c:/st/stm32cubeide_1.6.0/stm32cubeide/plugins/com.st.stm32cube.ide.mcu.externaltools.gnu-tools-for-stm32.10.3-2021.10.win32_1.0.0.202111181127/tools/bin/../lib/gcc/arm-none-eabi/10.3.1/../../../../arm-none-eabi/lib/thumb/v7-m/nofp\libc_nano.a(lib_a-impure.o)
 .rodata._global_impure_ptr
                0x0000000000000000        0x4 c:/st/stm32cubeide_1.6.0/stm32cubeide/plugins/com.st.stm32cube.ide.mcu.externaltools.gnu-tools-for-stm32.10.3-2021.10.win32_1.0.0.202111181127/tools/bin/../lib/gcc/arm-none-eabi/10.3.1/../../../../arm-none-eabi/lib/thumb/v7-m/nofp\libc_nano.a(lib_a-impure.o)
 .ARM.attributes
                0x0000000000000000       0x2d c:/st/stm32cubeide_1.6.0/stm32cubeide/plugins/com.st.stm32cube.ide.mcu.externaltools.gnu-tools-for-stm32.10.3-2021.10.win32_1.0.0.202111181127/tools/bin/../lib/gcc/arm-none-eabi/10.3.1/../../../../arm-none-eabi/lib/thumb/v7-m/nofp\libc_nano.a(lib_a-impure.o)
 .text          0x0000000000000000        0x0 c:/st/stm32cubeide_1.6.0/stm32cubeide/plugins/com.st.stm32cube.ide.mcu.externaltools.gnu-tools-for-stm32.10.3-2021.10.win32_1.0.0.202111181127/tools/bin/../lib/gcc/arm-none-eabi/10.3.1/../../../../arm-none-eabi/lib/thumb/v7-m/nofp\libc_nano.a(lib_a-init.o)
 .data          0x0000000000000000        0x0 c:/st/stm32cubeide_1.6.0/stm32cubeide/plugins/com.st.stm32cube.ide.mcu.externaltools.gnu-tools-for-stm32.10.3-2021.10.win32_1.0.0.202111181127/tools/bin/../lib/gcc/arm-none-eabi/10.3.1/../../../../arm-none-eabi/lib/thumb/v7-m/nofp\libc_nano.a(lib_a-init.o)
 .bss           0x0000000000000000        0x0 c:/st/stm32cubeide_1.6.0/stm32cubeide/plugins/com.st.stm32cube.ide.mcu.externaltools.gnu-tools-for-stm32.10.3-2021.10.win32_1.0.0.202111181127/tools/bin/../lib/gcc/arm-none-eabi/10.3.1/../../../../arm-none-eabi/lib/thumb/v7-m/nofp\libc_nano.a(lib_a-init.o)
 .text          0x0000000000000000        0x0 c:/st/stm32cubeide_1.6.0/stm32cubeide/plugins/com.st.stm32cube.ide.mcu.externaltools.gnu-tools-for-stm32.10.3-2021.10.win32_1.0.0.202111181127/tools/bin/../lib/gcc/arm-none-eabi/10.3.1/../../../../arm-none-eabi/lib/thumb/v7-m/nofp\libc_nano.a(lib_a-memset.o)
 .data          0x0000000000000000        0x0 c:/st/stm32cubeide_1.6.0/stm32cubeide/plugins/com.st.stm32cube.ide.mcu.externaltools.gnu-tools-for-stm32.10.3-2021.10.win32_1.0.0.202111181127/tools/bin/../lib/gcc/arm-none-eabi/10.3.1/../../../../arm-none-eabi/lib/thumb/v7-m/nofp\libc_nano.a(lib_a-memset.o)
 .bss           0x0000000000000000        0x0 c:/st/stm32cubeide_1.6.0/stm32cubeide/plugins/com.st.stm32cube.ide.mcu.externaltools.gnu-tools-for-stm32.10.3-2021.10.win32_1.0.0.202111181127/tools/bin/../lib/gcc/arm-none-eabi/10.3.1/../../../../arm-none-eabi/lib/thumb/v7-m/nofp\libc_nano.a(lib_a-memset.o)
 .text.memset   0x0000000000000000       0x10 c:/st/stm32cubeide_1.6.0/stm32cubeide/plugins/com.st.stm32cube.ide.mcu.externaltools.gnu-tools-for-stm32.10.3-2021.10.win32_1.0.0.202111181127/tools/bin/../lib/gcc/arm-none-eabi/10.3.1/../../../../arm-none-eabi/lib/thumb/v7-m/nofp\libc_nano.a(lib_a-memset.o)
 .debug_frame   0x0000000000000000       0x20 c:/st/stm32cubeide_1.6.0/stm32cubeide/plugins/com.st.stm32cube.ide.mcu.externaltools.gnu-tools-for-stm32.10.3-2021.10.win32_1.0.0.202111181127/tools/bin/../lib/gcc/arm-none-eabi/10.3.1/../../../../arm-none-eabi/lib/thumb/v7-m/nofp\libc_nano.a(lib_a-memset.o)
 .ARM.attributes
                0x0000000000000000       0x2d c:/st/stm32cubeide_1.6.0/stm32cubeide/plugins/com.st.stm32cube.ide.mcu.externaltools.gnu-tools-for-stm32.10.3-2021.10.win32_1.0.0.202111181127/tools/bin/../lib/gcc/arm-none-eabi/10.3.1/../../../../arm-none-eabi/lib/thumb/v7-m/nofp\libc_nano.a(lib_a-memset.o)
 .text          0x0000000000000000        0x0 c:/st/stm32cubeide_1.6.0/stm32cubeide/plugins/com.st.stm32cube.ide.mcu.externaltools.gnu-tools-for-stm32.10.3-2021.10.win32_1.0.0.202111181127/tools/bin/../lib/gcc/arm-none-eabi/10.3.1/../../../../arm-none-eabi/lib/thumb/v7-m/nofp\libnosys.a(_exit.o)
 .data          0x0000000000000000        0x0 c:/st/stm32cubeide_1.6.0/stm32cubeide/plugins/com.st.stm32cube.ide.mcu.externaltools.gnu-tools-for-stm32.10.3-2021.10.win32_1.0.0.202111181127/tools/bin/../lib/gcc/arm-none-eabi/10.3.1/../../../../arm-none-eabi/lib/thumb/v7-m/nofp\libnosys.a(_exit.o)
 .bss           0x0000000000000000        0x0 c:/st/stm32cubeide_1.6.0/stm32cubeide/plugins/com.st.stm32cube.ide.mcu.externaltools.gnu-tools-for-stm32.10.3-2021.10.win32_1.0.0.202111181127/tools/bin/../lib/gcc/arm-none-eabi/10.3.1/../../../../arm-none-eabi/lib/thumb/v7-m/nofp\libnosys.a(_exit.o)
 .text._exit    0x0000000000000000        0x2 c:/st/stm32cubeide_1.6.0/stm32cubeide/plugins/com.st.stm32cube.ide.mcu.externaltools.gnu-tools-for-stm32.10.3-2021.10.win32_1.0.0.202111181127/tools/bin/../lib/gcc/arm-none-eabi/10.3.1/../../../../arm-none-eabi/lib/thumb/v7-m/nofp\libnosys.a(_exit.o)
 .debug_frame   0x0000000000000000       0x20 c:/st/stm32cubeide_1.6.0/stm32cubeide/plugins/com.st.stm32cube.ide.mcu.externaltools.gnu-tools-for-stm32.10.3-2021.10.win32_1.0.0.202111181127/tools/bin/../lib/gcc/arm-none-eabi/10.3.1/../../../../arm-none-eabi/lib/thumb/v7-m/nofp\libnosys.a(_exit.o)
 .ARM.attributes
                0x0000000000000000       0x2d c:/st/stm32cubeide_1.6.0/stm32cubeide/plugins/com.st.stm32cube.ide.mcu.externaltools.gnu-tools-for-stm32.10.3-2021.10.win32_1.0.0.202111181127/tools/bin/../lib/gcc/arm-none-eabi/10.3.1/../../../../arm-none-eabi/lib/thumb/v7-m/nofp\libnosys.a(_exit.o)
 .text          0x0000000000000000        0x0 c:/st/stm32cubeide_1.6.0/stm32cubeide/plugins/com.st.stm32cube.ide.mcu.externaltools.gnu-tools-for-stm32.10.3-2021.10.win32_1.0.0.202111181127/tools/bin/../lib/gcc/arm-none-eabi/10.3.1/thumb/v7-m/nofp/crtend.o
 .data          0x0000000000000000        0x0 c:/st/stm32cubeide_1.6.0/stm32cubeide/plugins/com.st.stm32cube.ide.mcu.externaltools.gnu-tools-for-stm32.10.3-2021.10.win32_1.0.0.202111181127/tools/bin/../lib/gcc/arm-none-eabi/10.3.1/thumb/v7-m/nofp/crtend.o
 .bss           0x0000000000000000        0x0 c:/st/stm32cubeide_1.6.0/stm32cubeide/plugins/com.st.stm32cube.ide.mcu.externaltools.gnu-tools-for-stm32.10.3-2021.10.win32_1.0.0.202111181127/tools/bin/../lib/gcc/arm-none-eabi/10.3.1/thumb/v7-m/nofp/crtend.o
 .rodata        0x0000000000000000       0x24 c:/st/stm32cubeide_1.6.0/stm32cubeide/plugins/com.st.stm32cube.ide.mcu.externaltools.gnu-tools-for-stm32.10.3-2021.10.win32_1.0.0.202111181127/tools/bin/../lib/gcc/arm-none-eabi/10.3.1/thumb/v7-m/nofp/crtend.o
 .eh_frame      0x0000000000000000        0x4 c:/st/stm32cubeide_1.6.0/stm32cubeide/plugins/com.st.stm32cube.ide.mcu.externaltools.gnu-tools-for-stm32.10.3-2021.10.win32_1.0.0.202111181127/tools/bin/../lib/gcc/arm-none-eabi/10.3.1/thumb/v7-m/nofp/crtend.o
 .ARM.attributes
                0x0000000000000000       0x2d c:/st/stm32cubeide_1.6.0/stm32cubeide/plugins/com.st.stm32cube.ide.mcu.externaltools.gnu-tools-for-stm32.10.3-2021.10.win32_1.0.0.202111181127/tools/bin/../lib/gcc/arm-none-eabi/10.3.1/thumb/v7-m/nofp/crtend.o
 .text          0x0000000000000000        0x0 c:/st/stm32cubeide_1.6.0/stm32cubeide/plugins/com.st.stm32cube.ide.mcu.externaltools.gnu-tools-for-stm32.10.3-2021.10.win32_1.0.0.202111181127/tools/bin/../lib/gcc/arm-none-eabi/10.3.1/thumb/v7-m/nofp/crtn.o
 .data          0x0000000000000000        0x0 c:/st/stm32cubeide_1.6.0/stm32cubeide/plugins/com.st.stm32cube.ide.mcu.externaltools.gnu-tools-for-stm32.10.3-2021.10.win32_1.0.0.202111181127/tools/bin/../lib/gcc/arm-none-eabi/10.3.1/thumb/v7-m/nofp/crtn.o
 .bss           0x0000000000000000        0x0 c:/st/stm32cubeide_1.6.0/stm32cubeide/plugins/com.st.stm32cube.ide.mcu.externaltools.gnu-tools-for-stm32.10.3-2021.10.win32_1.0.0.202111181127/tools/bin/../lib/gcc/arm-none-eabi/10.3.1/thumb/v7-m/nofp/crtn.o

Memory Configuration

Name             Origin             Length             Attributes
RAM              0x0000000020000000 0x0000000000005000 xrw
FLASH            0x0000000008000000 0x0000000000010000 xr
*default*        0x0000000000000000 0xffffffffffffffff

Linker script and memory map

LOAD c:/st/stm32cubeide_1.6.0/stm32cubeide/plugins/com.st.stm32cube.ide.mcu.externaltools.gnu-tools-for-stm32.10.3-2021.10.win32_1.0.0.202111181127/tools/bin/../lib/gcc/arm-none-eabi/10.3.1/thumb/v7-m/nofp/crti.o
LOAD c:/st/stm32cubeide_1.6.0/stm32cubeide/plugins/com.st.stm32cube.ide.mcu.externaltools.gnu-tools-for-stm32.10.3-2021.10.win32_1.0.0.202111181127/tools/bin/../lib/gcc/arm-none-eabi/10.3.1/thumb/v7-m/nofp/crtbegin.o
LOAD c:/st/stm32cubeide_1.6.0/stm32cubeide/plugins/com.st.stm32cube.ide.mcu.externaltools.gnu-tools-for-stm32.10.3-2021.10.win32_1.0.0.202111181127/tools/bin/../lib/gcc/arm-none-eabi/10.3.1/../../../../arm-none-eabi/lib/thumb/v7-m/nofp/crt0.o
LOAD ./Src/MDMA_program.o
LOAD ./Src/MGPIO_program.o
LOAD ./Src/MNVIC_program.o
LOAD ./Src/MRCC_program.o
LOAD ./Src/MSCB_program.o
LOAD ./Src/SYSTICK_PROG.o
LOAD ./Src/main.o
LOAD ./Startup/startup_stm32f103c8tx.o
START GROUP
LOAD c:/st/stm32cubeide_1.6.0/stm32cubeide/plugins/com.st.stm32cube.ide.mcu.externaltools.gnu-tools-for-stm32.10.3-2021.10.win32_1.0.0.202111181127/tools/bin/../lib/gcc/arm-none-eabi/10.3.1/../../../../arm-none-eabi/lib/thumb/v7-m/nofp\libc_nano.a
LOAD c:/st/stm32cubeide_1.6.0/stm32cubeide/plugins/com.st.stm32cube.ide.mcu.externaltools.gnu-tools-for-stm32.10.3-2021.10.win32_1.0.0.202111181127/tools/bin/../lib/gcc/arm-none-eabi/10.3.1/../../../../arm-none-eabi/lib/thumb/v7-m/nofp\libm.a
END GROUP
START GROUP
LOAD c:/st/stm32cubeide_1.6.0/stm32cubeide/plugins/com.st.stm32cube.ide.mcu.externaltools.gnu-tools-for-stm32.10.3-2021.10.win32_1.0.0.202111181127/tools/bin/../lib/gcc/arm-none-eabi/10.3.1/thumb/v7-m/nofp\libgcc.a
LOAD c:/st/stm32cubeide_1.6.0/stm32cubeide/plugins/com.st.stm32cube.ide.mcu.externaltools.gnu-tools-for-stm32.10.3-2021.10.win32_1.0.0.202111181127/tools/bin/../lib/gcc/arm-none-eabi/10.3.1/../../../../arm-none-eabi/lib/thumb/v7-m/nofp\libc_nano.a
END GROUP
START GROUP
LOAD c:/st/stm32cubeide_1.6.0/stm32cubeide/plugins/com.st.stm32cube.ide.mcu.externaltools.gnu-tools-for-stm32.10.3-2021.10.win32_1.0.0.202111181127/tools/bin/../lib/gcc/arm-none-eabi/10.3.1/thumb/v7-m/nofp\libgcc.a
LOAD c:/st/stm32cubeide_1.6.0/stm32cubeide/plugins/com.st.stm32cube.ide.mcu.externaltools.gnu-tools-for-stm32.10.3-2021.10.win32_1.0.0.202111181127/tools/bin/../lib/gcc/arm-none-eabi/10.3.1/../../../../arm-none-eabi/lib/thumb/v7-m/nofp\libc_nano.a
LOAD c:/st/stm32cubeide_1.6.0/stm32cubeide/plugins/com.st.stm32cube.ide.mcu.externaltools.gnu-tools-for-stm32.10.3-2021.10.win32_1.0.0.202111181127/tools/bin/../lib/gcc/arm-none-eabi/10.3.1/../../../../arm-none-eabi/lib/thumb/v7-m/nofp\libnosys.a
END GROUP
START GROUP
LOAD c:/st/stm32cubeide_1.6.0/stm32cubeide/plugins/com.st.stm32cube.ide.mcu.externaltools.gnu-tools-for-stm32.10.3-2021.10.win32_1.0.0.202111181127/tools/bin/../lib/gcc/arm-none-eabi/10.3.1/thumb/v7-m/nofp\libgcc.a
LOAD c:/st/stm32cubeide_1.6.0/stm32cubeide/plugins/com.st.stm32cube.ide.mcu.externaltools.gnu-tools-for-stm32.10.3-2021.10.win32_1.0.0.202111181127/tools/bin/../lib/gcc/arm-none-eabi/10.3.1/../../../../arm-none-eabi/lib/thumb/v7-m/nofp\libc_nano.a
LOAD c:/st/stm32cubeide_1.6.0/stm32cubeide/plugins/com.st.stm32cube.ide.mcu.externaltools.gnu-tools-for-stm32.10.3-2021.10.win32_1.0.0.202111181127/tools/bin/../lib/gcc/arm-none-eabi/10.3.1/../../../../arm-none-eabi/lib/thumb/v7-m/nofp\libnosys.a
END GROUP
LOAD c:/st/stm32cubeide_1.6.0/stm32cubeide/plugins/com.st.stm32cube.ide.mcu.externaltools.gnu-tools-for-stm32.10.3-2021.10.win32_1.0.0.202111181127/tools/bin/../lib/gcc/arm-none-eabi/10.3.1/thumb/v7-m/nofp/crtend.o
LOAD c:/st/stm32cubeide_1.6.0/stm32cubeide/plugins/com.st.stm32cube.ide.mcu.externaltools.gnu-tools-for-stm32.10.3-2021.10.win32_1.0.0.202111181127/tools/bin/../lib/gcc/arm-none-eabi/10.3.1/thumb/v7-m/nofp/crtn.o
                0x0000000020005000                _estack = (ORIGIN (RAM) + LENGTH (RAM))
                0x0000000000000200                _Min_Heap_Size = 0x200
                0x0000000000000400                _Min_Stack_Size = 0x400

.isr_vector     0x0000000008000000      0x130
                0x0000000008000000                . = ALIGN (0x4)
 *(.isr_vector)
 .isr_vector    0x0000000008000000      0x130 ./Startup/startup_stm32f103c8tx.o
                0x0000000008000000                g_pfnVectors
                0x0000000008000130                . = ALIGN (0x4)

.text           0x0000000008000130     0x3244
                0x0000000008000130                . = ALIGN (0x4)
 *(.text)
 .text          0x0000000008000130       0x40 c:/st/stm32cubeide_1.6.0/stm32cubeide/plugins/com.st.stm32cube.ide.mcu.externaltools.gnu-tools-for-stm32.10.3-2021.10.win32_1.0.0.202111181127/tools/bin/../lib/gcc/arm-none-eabi/10.3.1/thumb/v7-m/nofp/crtbegin.o
 *(.text*)
 .text.MDMA_voidCHSelect
                0x0000000008000170      0x178 ./Src/MDMA_program.o
                0x0000000008000170                MDMA_voidCHSelect
 .text.MDMA_voidCHannelInit
                0x00000000080002e8      0x110 ./Src/MDMA_program.o
                0x00000000080002e8                MDMA_voidCHannelInit
 .text.MDMA_voidCHannelStart
                0x00000000080003f8       0x60 ./Src/MDMA_program.o
                0x00000000080003f8                MDMA_voidCHannelStart
 .text.DMA1_Channel1_IRQHandler
                0x0000000008000458       0x5c ./Src/MDMA_program.o
                0x0000000008000458                DMA1_Channel1_IRQHandler
 .text.MDMA_VoidSetCallBackCH2
                0x00000000080004b4       0x1c ./Src/MDMA_program.o
                0x00000000080004b4                MDMA_VoidSetCallBackCH2
 .text.DMA1_Channel2_IRQHandler
                0x00000000080004d0       0x5c ./Src/MDMA_program.o
                0x00000000080004d0                DMA1_Channel2_IRQHandler
 .text.DMA1_Channel3_IRQHandler
                0x000000000800052c       0x5c ./Src/MDMA_program.o
                0x000000000800052c                DMA1_Channel3_IRQHandler
 .text.DMA1_Channel4_IRQHandler
                0x0000000008000588       0x5c ./Src/MDMA_program.o
                0x0000000008000588                DMA1_Channel4_IRQHandler
 .text.MDMA_VoidSetCallBackCH5
                0x00000000080005e4       0x1c ./Src/MDMA_program.o
                0x00000000080005e4                MDMA_VoidSetCallBackCH5
 .text.DMA1_Channel5_IRQHandler
                0x0000000008000600       0x5c ./Src/MDMA_program.o
                0x0000000008000600                DMA1_Channel5_IRQHandler
 .text.DMA1_Channel6_IRQHandler
                0x000000000800065c       0x5c ./Src/MDMA_program.o
                0x000000000800065c                DMA1_Channel6_IRQHandler
 .text.DMA1_Channel7_IRQHandler
                0x00000000080006b8       0x5c ./Src/MDMA_program.o
                0x00000000080006b8                DMA1_Channel7_IRQHandler
 .text.MGPIO_voidSetPAMode_CRL
                0x0000000008000714      0x5cc ./Src/MGPIO_program.o
                0x0000000008000714                MGPIO_voidSetPAMode_CRL
 .text.MGPIO_voidSetPAMode_CRH
                0x0000000008000ce0      0x5cc ./Src/MGPIO_program.o
                0x0000000008000ce0                MGPIO_voidSetPAMode_CRH
 .text.MGPIO_voidSetPApinDirection
                0x00000000080012ac      0x1c8 ./Src/MGPIO_program.o
                0x00000000080012ac                MGPIO_voidSetPApinDirection
 .text.MGPIO_voidSetPBMode_CRL
                0x0000000008001474      0x5cc ./Src/MGPIO_program.o
                0x0000000008001474                MGPIO_voidSetPBMode_CRL
 .text.MGPIO_voidSetPBMode_CRH
                0x0000000008001a40      0x5cc ./Src/MGPIO_program.o
                0x0000000008001a40                MGPIO_voidSetPBMode_CRH
 .text.MGPIO_voidSetPBpinDirection
                0x000000000800200c      0x1c8 ./Src/MGPIO_program.o
                0x000000000800200c                MGPIO_voidSetPBpinDirection
 .text.MGPIO_voidSetPCMode_CRL
                0x00000000080021d4      0x5cc ./Src/MGPIO_program.o
                0x00000000080021d4                MGPIO_voidSetPCMode_CRL
 .text.MGPIO_voidSetPCMode_CRH
                0x00000000080027a0      0x5cc ./Src/MGPIO_program.o
                0x00000000080027a0                MGPIO_voidSetPCMode_CRH
 .text.MGPIO_voidSetPCpinDirection
                0x0000000008002d6c      0x1c8 ./Src/MGPIO_program.o
                0x0000000008002d6c                MGPIO_voidSetPCpinDirection
 .text.MGPIO_voidSetPinDirection
                0x0000000008002f34       0x64 ./Src/MGPIO_program.o
                0x0000000008002f34                MGPIO_voidSetPinDirection
 .text.MGPIO_voidSetPinValue
                0x0000000008002f98       0xf4 ./Src/MGPIO_program.o
                0x0000000008002f98                MGPIO_voidSetPinValue
 .text.MNVIC_voidSetEnableINT
                0x000000000800308c       0x7c ./Src/MNVIC_program.o
                0x000000000800308c                MNVIC_voidSetEnableINT
 .text.MRCC_voidInitSysClk
                0x0000000008003108       0x34 ./Src/MRCC_program.o
                0x0000000008003108                MRCC_voidInitSysClk
 .text.MRCC_voidEnableAHBClk
                0x000000000800313c       0x2c ./Src/MRCC_program.o
                0x000000000800313c                MRCC_voidEnableAHBClk
 .text.MRCC_voidEnableAPB2Clk
                0x0000000008003168       0x2c ./Src/MRCC_program.o
                0x0000000008003168                MRCC_voidEnableAPB2Clk
 .text.SysTick_Handler
                0x0000000008003194       0x14 ./Src/SYSTICK_PROG.o
                0x0000000008003194                SysTick_Handler
 .text.MSTK_VidInit
                0x00000000080031a8       0x18 ./Src/SYSTICK_PROG.o
                0x00000000080031a8                MSTK_VidInit
 .text.light1   0x00000000080031c0       0x12 ./Src/main.o
                0x00000000080031c0                light1
 .text.light2   0x00000000080031d2       0x12 ./Src/main.o
                0x00000000080031d2                light2
 .text.main     0x00000000080031e4       0xdc ./Src/main.o
                0x00000000080031e4                main
 .text.Reset_Handler
                0x00000000080032c0       0x50 ./Startup/startup_stm32f103c8tx.o
                0x00000000080032c0                Reset_Handler
 .text.Default_Handler
                0x0000000008003310        0x2 ./Startup/startup_stm32f103c8tx.o
                0x0000000008003310                EXTI2_IRQHandler
                0x0000000008003310                TIM8_TRG_COM_IRQHandler
                0x0000000008003310                TIM8_CC_IRQHandler
                0x0000000008003310                DebugMon_Handler
                0x0000000008003310                TIM1_CC_IRQHandler
                0x0000000008003310                HardFault_Handler
                0x0000000008003310                TIM6_IRQHandler
                0x0000000008003310                PVD_IRQHandler
                0x0000000008003310                SDIO_IRQHandler
                0x0000000008003310                PendSV_Handler
                0x0000000008003310                NMI_Handler
                0x0000000008003310                EXTI3_IRQHandler
                0x0000000008003310                USB_HP_CAN_TX_IRQHandler
                0x0000000008003310                EXTI0_IRQHandler
                0x0000000008003310                I2C2_EV_IRQHandler
                0x0000000008003310                UsageFault_Handler
                0x0000000008003310                ADC1_2_IRQHandler
                0x0000000008003310                SPI1_IRQHandler
                0x0000000008003310                CAN_SCE_IRQHandler
                0x0000000008003310                TAMPER_IRQHandler
                0x0000000008003310                TIM8_UP_IRQHandler
                0x0000000008003310                DMA2_Channel2_IRQHandler
                0x0000000008003310                USART3_IRQHandler
                0x0000000008003310                RTC_IRQHandler
                0x0000000008003310                UART5_IRQHandler
                0x0000000008003310                ADC3_IRQHandler
                0x0000000008003310                TIM4_IRQHandler
                0x0000000008003310                CAN_RX1_IRQHandler
                0x0000000008003310                DMA2_Channel1_IRQHandler
                0x0000000008003310                I2C1_EV_IRQHandler
                0x0000000008003310                UART4_IRQHandler
                0x0000000008003310                TIM3_IRQHandler
                0x0000000008003310                RCC_IRQHandler
                0x0000000008003310                TIM1_TRG_COM_IRQHandler
                0x0000000008003310                Default_Handler
                0x0000000008003310                EXTI15_10_IRQHandler
                0x0000000008003310                TIM7_IRQHandler
                0x0000000008003310                TIM5_IRQHandler
                0x0000000008003310                EXTI9_5_IRQHandler
                0x0000000008003310                SPI2_IRQHandler
                0x0000000008003310                USB_LP_CAN_RX0_IRQHandler
                0x0000000008003310                MemManage_Handler
                0x0000000008003310                SVC_Handler
                0x0000000008003310                EXTI4_IRQHandler
                0x0000000008003310                FSMC_IRQHandler
                0x0000000008003310                TIM1_UP_IRQHandler
                0x0000000008003310                WWDG_IRQHandler
                0x0000000008003310                TIM2_IRQHandler
                0x0000000008003310                TIM1_BRK_IRQHandler
                0x0000000008003310                EXTI1_IRQHandler
                0x0000000008003310                RTCAlarm_IRQHandler
                0x0000000008003310                DMA2_Channel4_5_IRQHandler
                0x0000000008003310                USART2_IRQHandler
                0x0000000008003310                I2C2_ER_IRQHandler
                0x0000000008003310                TIM8_BRK_IRQHandler
                0x0000000008003310                FLASH_IRQHandler
                0x0000000008003310                BusFault_Handler
                0x0000000008003310                USART1_IRQHandler
                0x0000000008003310                SPI3_IRQHandler
                0x0000000008003310                I2C1_ER_IRQHandler
                0x0000000008003310                DMA2_Channel3_IRQHandler
 *fill*         0x0000000008003312        0x2 
 .text.__libc_init_array
                0x0000000008003314       0x48 c:/st/stm32cubeide_1.6.0/stm32cubeide/plugins/com.st.stm32cube.ide.mcu.externaltools.gnu-tools-for-stm32.10.3-2021.10.win32_1.0.0.202111181127/tools/bin/../lib/gcc/arm-none-eabi/10.3.1/../../../../arm-none-eabi/lib/thumb/v7-m/nofp\libc_nano.a(lib_a-init.o)
                0x0000000008003314                __libc_init_array
 *(.glue_7)
 .glue_7        0x000000000800335c        0x0 linker stubs
 *(.glue_7t)
 .glue_7t       0x000000000800335c        0x0 linker stubs
 *(.eh_frame)
 .eh_frame      0x000000000800335c        0x0 c:/st/stm32cubeide_1.6.0/stm32cubeide/plugins/com.st.stm32cube.ide.mcu.externaltools.gnu-tools-for-stm32.10.3-2021.10.win32_1.0.0.202111181127/tools/bin/../lib/gcc/arm-none-eabi/10.3.1/thumb/v7-m/nofp/crtbegin.o
 *(.init)
 .init          0x000000000800335c        0x4 c:/st/stm32cubeide_1.6.0/stm32cubeide/plugins/com.st.stm32cube.ide.mcu.externaltools.gnu-tools-for-stm32.10.3-2021.10.win32_1.0.0.202111181127/tools/bin/../lib/gcc/arm-none-eabi/10.3.1/thumb/v7-m/nofp/crti.o
                0x000000000800335c                _init
 .init          0x0000000008003360        0x8 c:/st/stm32cubeide_1.6.0/stm32cubeide/plugins/com.st.stm32cube.ide.mcu.externaltools.gnu-tools-for-stm32.10.3-2021.10.win32_1.0.0.202111181127/tools/bin/../lib/gcc/arm-none-eabi/10.3.1/thumb/v7-m/nofp/crtn.o
 *(.fini)
 .fini          0x0000000008003368        0x4 c:/st/stm32cubeide_1.6.0/stm32cubeide/plugins/com.st.stm32cube.ide.mcu.externaltools.gnu-tools-for-stm32.10.3-2021.10.win32_1.0.0.202111181127/tools/bin/../lib/gcc/arm-none-eabi/10.3.1/thumb/v7-m/nofp/crti.o
                0x0000000008003368                _fini
 .fini          0x000000000800336c        0x8 c:/st/stm32cubeide_1.6.0/stm32cubeide/plugins/com.st.stm32cube.ide.mcu.externaltools.gnu-tools-for-stm32.10.3-2021.10.win32_1.0.0.202111181127/tools/bin/../lib/gcc/arm-none-eabi/10.3.1/thumb/v7-m/nofp/crtn.o
                0x0000000008003374                . = ALIGN (0x4)
                0x0000000008003374                _etext = .

.vfp11_veneer   0x0000000008003374        0x0
 .vfp11_veneer  0x0000000008003374        0x0 linker stubs

.v4_bx          0x0000000008003374        0x0
 .v4_bx         0x0000000008003374        0x0 linker stubs

.iplt           0x0000000008003374        0x0
 .iplt          0x0000000008003374        0x0 c:/st/stm32cubeide_1.6.0/stm32cubeide/plugins/com.st.stm32cube.ide.mcu.externaltools.gnu-tools-for-stm32.10.3-2021.10.win32_1.0.0.202111181127/tools/bin/../lib/gcc/arm-none-eabi/10.3.1/thumb/v7-m/nofp/crtbegin.o

.rodata         0x0000000008003374       0x50
                0x0000000008003374                . = ALIGN (0x4)
 *(.rodata)
 .rodata        0x0000000008003374       0x50 ./Src/main.o
 *(.rodata*)
                0x00000000080033c4                . = ALIGN (0x4)

.rel.dyn        0x00000000080033c4        0x0
 .rel.iplt      0x00000000080033c4        0x0 c:/st/stm32cubeide_1.6.0/stm32cubeide/plugins/com.st.stm32cube.ide.mcu.externaltools.gnu-tools-for-stm32.10.3-2021.10.win32_1.0.0.202111181127/tools/bin/../lib/gcc/arm-none-eabi/10.3.1/thumb/v7-m/nofp/crtbegin.o

.ARM.extab      0x00000000080033c4        0x0
                0x00000000080033c4                . = ALIGN (0x4)
 *(.ARM.extab* .gnu.linkonce.armextab.*)
                0x00000000080033c4                . = ALIGN (0x4)

.ARM            0x00000000080033c4        0x0
                0x00000000080033c4                . = ALIGN (0x4)
                0x00000000080033c4                __exidx_start = .
 *(.ARM.exidx*)
                0x00000000080033c4                __exidx_end = .
                0x00000000080033c4                . = ALIGN (0x4)

.preinit_array  0x00000000080033c4        0x0
                0x00000000080033c4                . = ALIGN (0x4)
                0x00000000080033c4                PROVIDE (__preinit_array_start = .)
 *(.preinit_array*)
                0x00000000080033c4                PROVIDE (__preinit_array_end = .)
                0x00000000080033c4                . = ALIGN (0x4)

.init_array     0x00000000080033c4        0x4
                0x00000000080033c4                . = ALIGN (0x4)
                0x00000000080033c4                PROVIDE (__init_array_start = .)
 *(SORT_BY_NAME(.init_array.*))
 *(.init_array*)
 .init_array    0x00000000080033c4        0x4 c:/st/stm32cubeide_1.6.0/stm32cubeide/plugins/com.st.stm32cube.ide.mcu.externaltools.gnu-tools-for-stm32.10.3-2021.10.win32_1.0.0.202111181127/tools/bin/../lib/gcc/arm-none-eabi/10.3.1/thumb/v7-m/nofp/crtbegin.o
                0x00000000080033c8                PROVIDE (__init_array_end = .)
                0x00000000080033c8                . = ALIGN (0x4)

.fini_array     0x00000000080033c8        0x4
                0x00000000080033c8                . = ALIGN (0x4)
                [!provide]                        PROVIDE (__fini_array_start = .)
 *(SORT_BY_NAME(.fini_array.*))
 *(.fini_array*)
 .fini_array    0x00000000080033c8        0x4 c:/st/stm32cubeide_1.6.0/stm32cubeide/plugins/com.st.stm32cube.ide.mcu.externaltools.gnu-tools-for-stm32.10.3-2021.10.win32_1.0.0.202111181127/tools/bin/../lib/gcc/arm-none-eabi/10.3.1/thumb/v7-m/nofp/crtbegin.o
                [!provide]                        PROVIDE (__fini_array_end = .)
                0x00000000080033cc                . = ALIGN (0x4)
                0x00000000080033cc                _sidata = LOADADDR (.data)

.data           0x0000000020000000        0x0 load address 0x00000000080033cc
                0x0000000020000000                . = ALIGN (0x4)
                0x0000000020000000                _sdata = .
 *(.data)
 *(.data*)
 *(.RamFunc)
 *(.RamFunc*)
                0x0000000020000000                . = ALIGN (0x4)
                0x0000000020000000                _edata = .

.igot.plt       0x0000000020000000        0x0 load address 0x00000000080033cc
 .igot.plt      0x0000000020000000        0x0 c:/st/stm32cubeide_1.6.0/stm32cubeide/plugins/com.st.stm32cube.ide.mcu.externaltools.gnu-tools-for-stm32.10.3-2021.10.win32_1.0.0.202111181127/tools/bin/../lib/gcc/arm-none-eabi/10.3.1/thumb/v7-m/nofp/crtbegin.o
                0x0000000020000000                . = ALIGN (0x4)

.bss            0x0000000020000000       0x4c load address 0x00000000080033cc
                0x0000000020000000                _sbss = .
                0x0000000020000000                __bss_start__ = _sbss
 *(.bss)
 .bss           0x0000000020000000       0x1c c:/st/stm32cubeide_1.6.0/stm32cubeide/plugins/com.st.stm32cube.ide.mcu.externaltools.gnu-tools-for-stm32.10.3-2021.10.win32_1.0.0.202111181127/tools/bin/../lib/gcc/arm-none-eabi/10.3.1/thumb/v7-m/nofp/crtbegin.o
 *(.bss*)
 .bss.MDMA_callBackCH1
                0x000000002000001c        0x4 ./Src/MDMA_program.o
                0x000000002000001c                MDMA_callBackCH1
 .bss.MDMA_callBackCH2
                0x0000000020000020        0x4 ./Src/MDMA_program.o
                0x0000000020000020                MDMA_callBackCH2
 .bss.MDMA_callBackCH3
                0x0000000020000024        0x4 ./Src/MDMA_program.o
                0x0000000020000024                MDMA_callBackCH3
 .bss.MDMA_callBackCH4
                0x0000000020000028        0x4 ./Src/MDMA_program.o
                0x0000000020000028                MDMA_callBackCH4
 .bss.MDMA_callBackCH5
                0x000000002000002c        0x4 ./Src/MDMA_program.o
                0x000000002000002c                MDMA_callBackCH5
 .bss.MDMA_callBackCH6
                0x0000000020000030        0x4 ./Src/MDMA_program.o
                0x0000000020000030                MDMA_callBackCH6
 .bss.MDMA_callBackCH7
                0x0000000020000034        0x4 ./Src/MDMA_program.o
                0x0000000020000034                MDMA_callBackCH7
 .bss.MDMA_CCR  0x0000000020000038        0x4 ./Src/MDMA_program.o
                0x0000000020000038                MDMA_CCR
 .bss.MDMA_CNDTR
                0x000000002000003c        0x4 ./Src/MDMA_program.o
                0x000000002000003c                MDMA_CNDTR
 .bss.MDMA_CPAR
                0x0000000020000040        0x4 ./Src/MDMA_program.o
                0x0000000020000040                MDMA_CPAR
 .bss.MDMA_CMAR
                0x0000000020000044        0x4 ./Src/MDMA_program.o
                0x0000000020000044                MDMA_CMAR
 .bss.MSTK_CallBack
                0x0000000020000048        0x4 ./Src/SYSTICK_PROG.o
                0x0000000020000048                MSTK_CallBack
 *(COMMON)
                0x000000002000004c                . = ALIGN (0x4)
                0x000000002000004c                _ebss = .
                0x000000002000004c                __bss_end__ = _ebss

._user_heap_stack
                0x000000002000004c      0x604 load address 0x00000000080033cc
                0x0000000020000050                . = ALIGN (0x8)
 *fill*         0x000000002000004c        0x4 
                [!provide]                        PROVIDE (end = .)
                [!provide]                        PROVIDE (_end = .)
                0x0000000020000250                . = (. + _Min_Heap_Size)
 *fill*         0x0000000020000050      0x200 
                0x0000000020000650                . = (. + _Min_Stack_Size)
 *fill*         0x0000000020000250      0x400 
                0x0000000020000650                . = ALIGN (0x8)

/DISCARD/
 libc.a(*)
 libm.a(*)
 libgcc.a(*)

.ARM.attributes
                0x0000000000000000       0x29
 *(.ARM.attributes)
 .ARM.attributes
                0x0000000000000000       0x1d c:/st/stm32cubeide_1.6.0/stm32cubeide/plugins/com.st.stm32cube.ide.mcu.externaltools.gnu-tools-for-stm32.10.3-2021.10.win32_1.0.0.202111181127/tools/bin/../lib/gcc/arm-none-eabi/10.3.1/thumb/v7-m/nofp/crti.o
 .ARM.attributes
                0x000000000000001d       0x2d c:/st/stm32cubeide_1.6.0/stm32cubeide/plugins/com.st.stm32cube.ide.mcu.externaltools.gnu-tools-for-stm32.10.3-2021.10.win32_1.0.0.202111181127/tools/bin/../lib/gcc/arm-none-eabi/10.3.1/thumb/v7-m/nofp/crtbegin.o
 .ARM.attributes
                0x000000000000004a       0x2d ./Src/MDMA_program.o
 .ARM.attributes
                0x0000000000000077       0x2d ./Src/MGPIO_program.o
 .ARM.attributes
                0x00000000000000a4       0x2d ./Src/MNVIC_program.o
 .ARM.attributes
                0x00000000000000d1       0x2d ./Src/MRCC_program.o
 .ARM.attributes
                0x00000000000000fe       0x2d ./Src/SYSTICK_PROG.o
 .ARM.attributes
                0x000000000000012b       0x2d ./Src/main.o
 .ARM.attributes
                0x0000000000000158       0x21 ./Startup/startup_stm32f103c8tx.o
 .ARM.attributes
                0x0000000000000179       0x2d c:/st/stm32cubeide_1.6.0/stm32cubeide/plugins/com.st.stm32cube.ide.mcu.externaltools.gnu-tools-for-stm32.10.3-2021.10.win32_1.0.0.202111181127/tools/bin/../lib/gcc/arm-none-eabi/10.3.1/../../../../arm-none-eabi/lib/thumb/v7-m/nofp\libc_nano.a(lib_a-init.o)
 .ARM.attributes
                0x00000000000001a6       0x1d c:/st/stm32cubeide_1.6.0/stm32cubeide/plugins/com.st.stm32cube.ide.mcu.externaltools.gnu-tools-for-stm32.10.3-2021.10.win32_1.0.0.202111181127/tools/bin/../lib/gcc/arm-none-eabi/10.3.1/thumb/v7-m/nofp/crtn.o
OUTPUT(MyDMA002.elf elf32-littlearm)
LOAD linker stubs
LOAD c:/st/stm32cubeide_1.6.0/stm32cubeide/plugins/com.st.stm32cube.ide.mcu.externaltools.gnu-tools-for-stm32.10.3-2021.10.win32_1.0.0.202111181127/tools/bin/../lib/gcc/arm-none-eabi/10.3.1/../../../../arm-none-eabi/lib/thumb/v7-m/nofp\libc.a
LOAD c:/st/stm32cubeide_1.6.0/stm32cubeide/plugins/com.st.stm32cube.ide.mcu.externaltools.gnu-tools-for-stm32.10.3-2021.10.win32_1.0.0.202111181127/tools/bin/../lib/gcc/arm-none-eabi/10.3.1/../../../../arm-none-eabi/lib/thumb/v7-m/nofp\libm.a
LOAD c:/st/stm32cubeide_1.6.0/stm32cubeide/plugins/com.st.stm32cube.ide.mcu.externaltools.gnu-tools-for-stm32.10.3-2021.10.win32_1.0.0.202111181127/tools/bin/../lib/gcc/arm-none-eabi/10.3.1/thumb/v7-m/nofp\libgcc.a

.debug_info     0x0000000000000000     0x1fa2
 .debug_info    0x0000000000000000      0x6f1 ./Src/MDMA_program.o
 .debug_info    0x00000000000006f1      0x950 ./Src/MGPIO_program.o
 .debug_info    0x0000000000001041      0x289 ./Src/MNVIC_program.o
 .debug_info    0x00000000000012ca      0x5fd ./Src/MRCC_program.o
 .debug_info    0x00000000000018c7      0x1a7 ./Src/SYSTICK_PROG.o
 .debug_info    0x0000000000001a6e      0x512 ./Src/main.o
 .debug_info    0x0000000000001f80       0x22 ./Startup/startup_stm32f103c8tx.o

.debug_abbrev   0x0000000000000000      0x752
 .debug_abbrev  0x0000000000000000      0x13d ./Src/MDMA_program.o
 .debug_abbrev  0x000000000000013d      0x18e ./Src/MGPIO_program.o
 .debug_abbrev  0x00000000000002cb       0xef ./Src/MNVIC_program.o
 .debug_abbrev  0x00000000000003ba       0xfd ./Src/MRCC_program.o
 .debug_abbrev  0x00000000000004b7      0x129 ./Src/SYSTICK_PROG.o
 .debug_abbrev  0x00000000000005e0      0x160 ./Src/main.o
 .debug_abbrev  0x0000000000000740       0x12 ./Startup/startup_stm32f103c8tx.o

.debug_aranges  0x0000000000000000      0x260
 .debug_aranges
                0x0000000000000000       0xa0 ./Src/MDMA_program.o
 .debug_aranges
                0x00000000000000a0       0x78 ./Src/MGPIO_program.o
 .debug_aranges
                0x0000000000000118       0x48 ./Src/MNVIC_program.o
 .debug_aranges
                0x0000000000000160       0x50 ./Src/MRCC_program.o
 .debug_aranges
                0x00000000000001b0       0x58 ./Src/SYSTICK_PROG.o
 .debug_aranges
                0x0000000000000208       0x30 ./Src/main.o
 .debug_aranges
                0x0000000000000238       0x28 ./Startup/startup_stm32f103c8tx.o

.debug_ranges   0x0000000000000000      0x1f8
 .debug_ranges  0x0000000000000000       0x90 ./Src/MDMA_program.o
 .debug_ranges  0x0000000000000090       0x68 ./Src/MGPIO_program.o
 .debug_ranges  0x00000000000000f8       0x38 ./Src/MNVIC_program.o
 .debug_ranges  0x0000000000000130       0x40 ./Src/MRCC_program.o
 .debug_ranges  0x0000000000000170       0x48 ./Src/SYSTICK_PROG.o
 .debug_ranges  0x00000000000001b8       0x20 ./Src/main.o
 .debug_ranges  0x00000000000001d8       0x20 ./Startup/startup_stm32f103c8tx.o

.debug_macro    0x0000000000000000      0xd6b
 .debug_macro   0x0000000000000000       0x41 ./Src/MDMA_program.o
 .debug_macro   0x0000000000000041      0xa72 ./Src/MDMA_program.o
 .debug_macro   0x0000000000000ab3       0x58 ./Src/MDMA_program.o
 .debug_macro   0x0000000000000b0b       0x16 ./Src/MDMA_program.o
 .debug_macro   0x0000000000000b21       0x41 ./Src/MGPIO_program.o
 .debug_macro   0x0000000000000b62       0x2e ./Src/MGPIO_program.o
 .debug_macro   0x0000000000000b90       0x41 ./Src/MNVIC_program.o
 .debug_macro   0x0000000000000bd1       0x3a ./Src/MNVIC_program.o
 .debug_macro   0x0000000000000c0b       0x40 ./Src/MRCC_program.o
 .debug_macro   0x0000000000000c4b       0x16 ./Src/MRCC_program.o
 .debug_macro   0x0000000000000c61       0x22 ./Src/MRCC_program.o
 .debug_macro   0x0000000000000c83       0x36 ./Src/SYSTICK_PROG.o
 .debug_macro   0x0000000000000cb9       0x16 ./Src/SYSTICK_PROG.o
 .debug_macro   0x0000000000000ccf       0x10 ./Src/SYSTICK_PROG.o
 .debug_macro   0x0000000000000cdf       0x5e ./Src/main.o
 .debug_macro   0x0000000000000d3d       0x2e ./Src/main.o

.debug_line     0x0000000000000000     0x1240
 .debug_line    0x0000000000000000      0x2be ./Src/MDMA_program.o
 .debug_line    0x00000000000002be      0x940 ./Src/MGPIO_program.o
 .debug_line    0x0000000000000bfe      0x1ec ./Src/MNVIC_program.o
 .debug_line    0x0000000000000dea      0x13d ./Src/MRCC_program.o
 .debug_line    0x0000000000000f27      0x15d ./Src/SYSTICK_PROG.o
 .debug_line    0x0000000000001084      0x138 ./Src/main.o
 .debug_line    0x00000000000011bc       0x84 ./Startup/startup_stm32f103c8tx.o

.debug_str      0x0000000000000000     0x4e60
 .debug_str     0x0000000000000000     0x360e ./Src/MDMA_program.o
                                       0x3660 (size before relaxing)
 .debug_str     0x000000000000360e      0x873 ./Src/MGPIO_program.o
                                       0x3758 (size before relaxing)
 .debug_str     0x0000000000003e81      0x353 ./Src/MNVIC_program.o
                                       0x323a (size before relaxing)
 .debug_str     0x00000000000041d4      0xa16 ./Src/MRCC_program.o
                                       0x390c (size before relaxing)
 .debug_str     0x0000000000004bea      0x14a ./Src/SYSTICK_PROG.o
                                       0x3024 (size before relaxing)
 .debug_str     0x0000000000004d34       0xfb ./Src/main.o
                                       0x371f (size before relaxing)
 .debug_str     0x0000000000004e2f       0x31 ./Startup/startup_stm32f103c8tx.o
                                         0x5e (size before relaxing)

.comment        0x0000000000000000       0x50
 .comment       0x0000000000000000       0x50 ./Src/MDMA_program.o
                                         0x51 (size before relaxing)
 .comment       0x0000000000000050       0x51 ./Src/MGPIO_program.o
 .comment       0x0000000000000050       0x51 ./Src/MNVIC_program.o
 .comment       0x0000000000000050       0x51 ./Src/MRCC_program.o
 .comment       0x0000000000000050       0x51 ./Src/SYSTICK_PROG.o
 .comment       0x0000000000000050       0x51 ./Src/main.o

.debug_frame    0x0000000000000000      0x840
 .debug_frame   0x0000000000000000      0x25c ./Src/MDMA_program.o
 .debug_frame   0x000000000000025c      0x208 ./Src/MGPIO_program.o
 .debug_frame   0x0000000000000464      0x100 ./Src/MNVIC_program.o
 .debug_frame   0x0000000000000564      0x120 ./Src/MRCC_program.o
 .debug_frame   0x0000000000000684      0x124 ./Src/SYSTICK_PROG.o
 .debug_frame   0x00000000000007a8       0x6c ./Src/main.o
 .debug_frame   0x0000000000000814       0x2c c:/st/stm32cubeide_1.6.0/stm32cubeide/plugins/com.st.stm32cube.ide.mcu.externaltools.gnu-tools-for-stm32.10.3-2021.10.win32_1.0.0.202111181127/tools/bin/../lib/gcc/arm-none-eabi/10.3.1/../../../../arm-none-eabi/lib/thumb/v7-m/nofp\libc_nano.a(lib_a-init.o)
